nohup: ignoring input
Using backend: pytorch
Other supported backends: tensorflow.compat.v1, tensorflow, jax, paddle.
paddle supports more examples now and is recommended.
2025-07-31 13:29:08,013 INFO: Base output directory set to: models/ensembles/width15_1
2025-07-31 13:29:08,013 INFO: Training ensemble model 1/4 (seed=493100015)...
Layers for branch: [11, 15, 15]
Layers for trunk: [2, 15, 15]
Compiling model...
'compile' took 0.852830 s

Training model...

Step      Train loss    Test loss     Test metric   
0         [2.69e-01]    [3.10e-01]    [1.08e+00]    
1000      [1.83e-03]    [1.37e-03]    [1.32e-01]    
2000      [6.25e-04]    [6.09e-04]    [8.20e-02]    
3000      [5.15e-04]    [4.93e-04]    [7.36e-02]    
4000      [4.25e-04]    [4.14e-04]    [6.68e-02]    
5000      [3.27e-04]    [3.25e-04]    [5.90e-02]    
6000      [2.22e-04]    [2.20e-04]    [4.95e-02]    
7000      [1.13e-04]    [1.04e-04]    [3.51e-02]    
8000      [7.19e-05]    [6.22e-05]    [2.82e-02]    
