nohup: ignoring input
Using backend: pytorch
Other supported backends: tensorflow.compat.v1, tensorflow, jax, paddle.
paddle supports more examples now and is recommended.
2025-07-30 15:03:10,759 INFO: Base output directory set to: models/ensembles/deterministic_12
2025-07-30 15:03:10,759 INFO: Training ensemble model 1/12 (seed=3390103657)...
Layers for branch: [11, 10, 10]
Layers for trunk: [2, 10, 10]
Compiling model...
'compile' took 0.817240 s

Training model...

Step      Train loss    Test loss     Test metric   
0         [2.65e-01]    [3.09e-01]    [9.93e-01]    
1000      [4.15e-03]    [2.98e-03]    [2.06e-01]    
2000      [6.67e-04]    [6.42e-04]    [8.53e-02]    
3000      [4.47e-04]    [4.75e-04]    [7.17e-02]    
4000      [3.27e-04]    [3.70e-04]    [6.27e-02]    
5000      [2.46e-04]    [2.71e-04]    [5.51e-02]    
6000      [1.37e-04]    [1.30e-04]    [4.04e-02]    
7000      [8.36e-05]    [7.13e-05]    [3.13e-02]    
8000      [6.57e-05]    [5.54e-05]    [2.80e-02]    
9000      [5.31e-05]    [4.38e-05]    [2.53e-02]    
10000     [4.41e-05]    [3.57e-05]    [2.29e-02]    
11000     [3.68e-05]    [3.06e-05]    [2.10e-02]    
12000     [3.01e-05]    [2.39e-05]    [1.91e-02]    
13000     [2.46e-05]    [1.97e-05]    [1.75e-02]    
14000     [2.04e-05]    [1.67e-05]    [1.61e-02]    
15000     [1.79e-05]    [1.48e-05]    [1.52e-02]    
16000     [1.64e-05]    [1.36e-05]    [1.46e-02]    
17000     [1.60e-05]    [1.38e-05]    [1.55e-02]    
18000     [1.51e-05]    [1.30e-05]    [1.42e-02]    
19000     [1.43e-05]    [1.18e-05]    [1.38e-02]    
20000     [1.43e-05]    [1.19e-05]    [1.32e-02]    
21000     [1.36e-05]    [1.12e-05]    [1.38e-02]    
22000     [1.32e-05]    [1.09e-05]    [1.35e-02]    
23000     [1.29e-05]    [1.06e-05]    [1.31e-02]    
24000     [1.37e-05]    [1.14e-05]    [1.50e-02]    
25000     [1.26e-05]    [1.04e-05]    [1.26e-02]    
26000     [1.22e-05]    [1.01e-05]    [1.28e-02]    
27000     [1.20e-05]    [9.98e-06]    [1.26e-02]    
28000     [1.51e-05]    [1.29e-05]    [1.42e-02]    
29000     [1.17e-05]    [9.78e-06]    [1.26e-02]    
30000     [1.16e-05]    [9.73e-06]    [1.27e-02]    

Best model at step 30000:
  train loss: 1.16e-05
  test loss: 9.73e-06
  test metric: [1.27e-02]

'train' took 291.593982 s

2025-07-30 15:08:03,204 INFO: Model and artifacts saved to models/ensembles/deterministic_12/model0
2025-07-30 15:08:03,204 INFO: Training ensemble model 2/12 (seed=1882950325)...
Saving loss history to models/ensembles/deterministic_12/model0/loss_history.txt ...
Layers for branch: [11, 10, 10]
Layers for trunk: [2, 10, 10]
Compiling model...
'compile' took 0.000084 s

Training model...

Step      Train loss    Test loss     Test metric   
0         [2.87e-01]    [3.22e-01]    [1.13e+00]    
1000      [1.96e-03]    [1.46e-03]    [1.41e-01]    
2000      [7.89e-04]    [8.37e-04]    [9.19e-02]    
3000      [6.12e-04]    [6.49e-04]    [8.04e-02]    
4000      [4.98e-04]    [5.33e-04]    [7.30e-02]    
5000      [3.80e-04]    [4.32e-04]    [6.50e-02]    
6000      [2.84e-04]    [3.26e-04]    [5.77e-02]    
7000      [1.13e-04]    [1.01e-04]    [3.52e-02]    
8000      [6.39e-05]    [5.02e-05]    [2.48e-02]    
9000      [5.55e-05]    [4.46e-05]    [2.36e-02]    
10000     [5.09e-05]    [4.03e-05]    [2.28e-02]    
11000     [4.80e-05]    [3.74e-05]    [2.22e-02]    
12000     [4.71e-05]    [3.71e-05]    [2.28e-02]    
13000     [4.38e-05]    [3.36e-05]    [2.15e-02]    
14000     [4.17e-05]    [3.20e-05]    [2.10e-02]    
15000     [4.35e-05]    [3.39e-05]    [2.33e-02]    
16000     [3.80e-05]    [2.91e-05]    [2.02e-02]    
17000     [3.63e-05]    [2.78e-05]    [1.98e-02]    
18000     [4.26e-05]    [3.48e-05]    [2.51e-02]    
19000     [3.28e-05]    [2.52e-05]    [1.90e-02]    
20000     [3.11e-05]    [2.40e-05]    [1.86e-02]    
21000     [2.93e-05]    [2.27e-05]    [1.81e-02]    
22000     [3.55e-05]    [2.90e-05]    [2.39e-02]    
23000     [2.56e-05]    [2.03e-05]    [1.71e-02]    
24000     [2.45e-05]    [2.00e-05]    [1.71e-02]    
25000     [2.19e-05]    [1.79e-05]    [1.61e-02]    
26000     [2.03e-05]    [1.70e-05]    [1.59e-02]    
27000     [1.86e-05]    [1.56e-05]    [1.51e-02]    
28000     [1.74e-05]    [1.47e-05]    [1.46e-02]    
29000     [1.63e-05]    [1.38e-05]    [1.42e-02]    
30000     [1.53e-05]    [1.30e-05]    [1.38e-02]    

Best model at step 30000:
  train loss: 1.53e-05
  test loss: 1.30e-05
  test metric: [1.38e-02]

'train' took 294.641648 s

2025-07-30 15:12:57,855 INFO: Model and artifacts saved to models/ensembles/deterministic_12/model1
2025-07-30 15:12:57,855 INFO: Training ensemble model 3/12 (seed=3225007031)...
Saving loss history to models/ensembles/deterministic_12/model1/loss_history.txt ...
Layers for branch: [11, 10, 10]
Layers for trunk: [2, 10, 10]
Compiling model...
'compile' took 0.000083 s

Training model...

Step      Train loss    Test loss     Test metric   
0         [2.86e-01]    [3.60e-01]    [1.22e+00]    
1000      [4.06e-03]    [2.79e-03]    [2.04e-01]    
2000      [6.60e-04]    [6.89e-04]    [8.70e-02]    
3000      [4.57e-04]    [4.89e-04]    [7.27e-02]    
4000      [3.29e-04]    [3.45e-04]    [6.15e-02]    
5000      [2.18e-04]    [2.15e-04]    [4.96e-02]    
6000      [1.08e-04]    [9.40e-05]    [3.48e-02]    
7000      [6.16e-05]    [5.35e-05]    [2.74e-02]    
8000      [5.26e-05]    [4.60e-05]    [2.56e-02]    
9000      [4.60e-05]    [4.07e-05]    [2.40e-02]    
10000     [3.85e-05]    [3.47e-05]    [2.19e-02]    
11000     [3.18e-05]    [2.95e-05]    [2.11e-02]    
12000     [2.08e-05]    [1.78e-05]    [1.58e-02]    
13000     [1.38e-05]    [1.14e-05]    [1.27e-02]    
14000     [1.19e-05]    [1.03e-05]    [1.21e-02]    
15000     [1.12e-05]    [9.99e-06]    [1.18e-02]    
16000     [1.38e-05]    [1.32e-05]    [1.47e-02]    
17000     [1.05e-05]    [9.70e-06]    [1.14e-02]    
18000     [1.09e-05]    [1.04e-05]    [1.21e-02]    
19000     [9.99e-06]    [9.45e-06]    [1.12e-02]    
20000     [9.79e-06]    [9.24e-06]    [1.11e-02]    
21000     [9.58e-06]    [9.07e-06]    [1.10e-02]    
22000     [9.44e-06]    [8.93e-06]    [1.09e-02]    
23000     [9.10e-06]    [8.89e-06]    [1.07e-02]    
24000     [8.95e-06]    [8.82e-06]    [1.07e-02]    
25000     [8.66e-06]    [8.55e-06]    [1.04e-02]    
26000     [8.43e-06]    [8.37e-06]    [1.03e-02]    
27000     [8.20e-06]    [8.16e-06]    [1.01e-02]    
28000     [9.69e-06]    [9.06e-06]    [1.25e-02]    
29000     [8.01e-06]    [8.08e-06]    [1.03e-02]    
30000     [7.48e-06]    [7.48e-06]    [9.63e-03]    

Best model at step 30000:
  train loss: 7.48e-06
  test loss: 7.48e-06
  test metric: [9.63e-03]

'train' took 295.879552 s

2025-07-30 15:17:53,743 INFO: Model and artifacts saved to models/ensembles/deterministic_12/model2
2025-07-30 15:17:53,743 INFO: Training ensemble model 4/12 (seed=1796283710)...
Saving loss history to models/ensembles/deterministic_12/model2/loss_history.txt ...
Layers for branch: [11, 10, 10]
Layers for trunk: [2, 10, 10]
Compiling model...
'compile' took 0.000083 s

Training model...

Step      Train loss    Test loss     Test metric   
0         [2.78e-01]    [3.38e-01]    [1.11e+00]    
1000      [2.82e-03]    [2.16e-03]    [1.69e-01]    
2000      [7.05e-04]    [8.33e-04]    [8.59e-02]    
3000      [4.78e-04]    [5.37e-04]    [7.20e-02]    
4000      [3.13e-04]    [3.39e-04]    [5.87e-02]    
5000      [1.82e-04]    [1.93e-04]    [4.45e-02]    
6000      [9.73e-05]    [9.59e-05]    [3.32e-02]    
7000      [7.36e-05]    [7.14e-05]    [3.12e-02]    
8000      [6.07e-05]    [5.68e-05]    [2.66e-02]    
9000      [6.15e-05]    [6.00e-05]    [2.83e-02]    
10000     [5.33e-05]    [4.76e-05]    [2.44e-02]    
11000     [5.01e-05]    [4.47e-05]    [2.37e-02]    
12000     [4.62e-05]    [4.17e-05]    [2.28e-02]    
13000     [4.14e-05]    [3.85e-05]    [2.17e-02]    
14000     [6.01e-05]    [6.56e-05]    [3.36e-02]    
15000     [2.70e-05]    [2.81e-05]    [1.71e-02]    
16000     [2.02e-05]    [2.11e-05]    [1.39e-02]    
17000     [1.63e-05]    [1.72e-05]    [1.22e-02]    
18000     [1.39e-05]    [1.49e-05]    [1.13e-02]    
19000     [1.22e-05]    [1.33e-05]    [1.07e-02]    
20000     [1.08e-05]    [1.19e-05]    [1.02e-02]    
21000     [9.75e-06]    [1.13e-05]    [1.02e-02]    
22000     [8.82e-06]    [1.05e-05]    [9.84e-03]    
23000     [8.25e-06]    [1.01e-05]    [9.78e-03]    
24000     [7.87e-06]    [9.80e-06]    [9.73e-03]    
25000     [7.60e-06]    [9.51e-06]    [9.68e-03]    
26000     [7.39e-06]    [9.21e-06]    [9.61e-03]    
27000     [7.22e-06]    [8.95e-06]    [9.56e-03]    
28000     [7.08e-06]    [8.71e-06]    [9.51e-03]    
29000     [6.96e-06]    [8.44e-06]    [9.43e-03]    
30000     [6.85e-06]    [8.18e-06]    [9.37e-03]    

Best model at step 30000:
  train loss: 6.85e-06
  test loss: 8.18e-06
  test metric: [9.37e-03]

'train' took 295.162666 s

2025-07-30 15:22:48,914 INFO: Model and artifacts saved to models/ensembles/deterministic_12/model3
2025-07-30 15:22:48,914 INFO: Training ensemble model 5/12 (seed=241037059)...
Saving loss history to models/ensembles/deterministic_12/model3/loss_history.txt ...
Layers for branch: [11, 10, 10]
Layers for trunk: [2, 10, 10]
Compiling model...
'compile' took 0.000082 s

Training model...

Step      Train loss    Test loss     Test metric   
0         [2.74e-01]    [3.17e-01]    [1.01e+00]    
1000      [2.42e-03]    [1.84e-03]    [1.55e-01]    
2000      [6.61e-04]    [6.80e-04]    [8.26e-02]    
3000      [5.58e-04]    [5.60e-04]    [7.72e-02]    
4000      [4.83e-04]    [4.87e-04]    [7.18e-02]    
5000      [4.11e-04]    [4.27e-04]    [6.60e-02]    
6000      [2.99e-04]    [3.19e-04]    [5.60e-02]    
7000      [9.66e-05]    [8.10e-05]    [3.02e-02]    
8000      [6.05e-05]    [4.71e-05]    [2.48e-02]    
9000      [5.27e-05]    [4.23e-05]    [2.35e-02]    
10000     [4.91e-05]    [3.94e-05]    [2.27e-02]    
11000     [4.64e-05]    [3.70e-05]    [2.21e-02]    
12000     [5.20e-05]    [4.24e-05]    [2.62e-02]    
13000     [4.17e-05]    [3.30e-05]    [2.10e-02]    
14000     [3.94e-05]    [3.10e-05]    [2.04e-02]    
15000     [3.70e-05]    [2.90e-05]    [1.98e-02]    
16000     [3.44e-05]    [2.69e-05]    [1.92e-02]    
17000     [3.19e-05]    [2.49e-05]    [1.85e-02]    
18000     [2.94e-05]    [2.30e-05]    [1.78e-02]    
19000     [2.73e-05]    [2.16e-05]    [1.73e-02]    
20000     [2.47e-05]    [1.98e-05]    [1.63e-02]    
21000     [2.26e-05]    [1.81e-05]    [1.56e-02]    
22000     [2.08e-05]    [1.67e-05]    [1.49e-02]    
23000     [1.90e-05]    [1.53e-05]    [1.43e-02]    
24000     [1.73e-05]    [1.40e-05]    [1.36e-02]    
25000     [1.57e-05]    [1.28e-05]    [1.30e-02]    
26000     [1.41e-05]    [1.16e-05]    [1.23e-02]    
27000     [1.27e-05]    [1.07e-05]    [1.18e-02]    
28000     [1.15e-05]    [9.93e-06]    [1.13e-02]    
29000     [1.06e-05]    [9.40e-06]    [1.09e-02]    
30000     [9.98e-06]    [9.04e-06]    [1.07e-02]    

Best model at step 30000:
  train loss: 9.98e-06
  test loss: 9.04e-06
  test metric: [1.07e-02]

'train' took 294.134207 s

2025-07-30 15:27:43,057 INFO: Model and artifacts saved to models/ensembles/deterministic_12/model4
2025-07-30 15:27:43,057 INFO: Training ensemble model 6/12 (seed=1992037179)...
Saving loss history to models/ensembles/deterministic_12/model4/loss_history.txt ...
Layers for branch: [11, 10, 10]
Layers for trunk: [2, 10, 10]
Compiling model...
'compile' took 0.000212 s

Training model...

Step      Train loss    Test loss     Test metric   
0         [3.09e-01]    [3.26e-01]    [1.39e+00]    
1000      [3.77e-03]    [2.93e-03]    [1.99e-01]    
2000      [8.72e-04]    [8.55e-04]    [9.45e-02]    
3000      [6.25e-04]    [7.02e-04]    [8.37e-02]    
4000      [4.22e-04]    [4.77e-04]    [6.92e-02]    
5000      [3.17e-04]    [3.52e-04]    [6.07e-02]    
6000      [2.35e-04]    [2.58e-04]    [5.23e-02]    
7000      [1.16e-04]    [1.11e-04]    [3.55e-02]    
8000      [6.10e-05]    [4.60e-05]    [2.53e-02]    
9000      [5.33e-05]    [3.94e-05]    [2.36e-02]    
10000     [5.01e-05]    [3.68e-05]    [2.41e-02]    
11000     [4.36e-05]    [3.15e-05]    [2.14e-02]    
12000     [4.09e-05]    [2.98e-05]    [2.18e-02]    
13000     [3.50e-05]    [2.53e-05]    [1.94e-02]    
14000     [3.05e-05]    [2.22e-05]    [1.82e-02]    
15000     [2.57e-05]    [1.94e-05]    [1.68e-02]    
16000     [2.12e-05]    [1.65e-05]    [1.53e-02]    
17000     [1.81e-05]    [1.40e-05]    [1.41e-02]    
18000     [1.64e-05]    [1.24e-05]    [1.36e-02]    
19000     [1.52e-05]    [1.14e-05]    [1.29e-02]    
20000     [1.46e-05]    [1.08e-05]    [1.27e-02]    
21000     [1.41e-05]    [1.04e-05]    [1.25e-02]    
22000     [1.38e-05]    [1.02e-05]    [1.23e-02]    
23000     [1.34e-05]    [9.92e-06]    [1.21e-02]    
24000     [1.59e-05]    [1.23e-05]    [1.51e-02]    
25000     [1.66e-05]    [1.34e-05]    [1.61e-02]    
26000     [1.26e-05]    [9.37e-06]    [1.18e-02]    
27000     [1.23e-05]    [9.21e-06]    [1.17e-02]    
28000     [1.21e-05]    [9.06e-06]    [1.16e-02]    
29000     [1.18e-05]    [8.91e-06]    [1.15e-02]    
30000     [1.16e-05]    [8.75e-06]    [1.13e-02]    

Best model at step 30000:
  train loss: 1.16e-05
  test loss: 8.75e-06
  test metric: [1.13e-02]

'train' took 291.162212 s

2025-07-30 15:32:34,232 INFO: Model and artifacts saved to models/ensembles/deterministic_12/model5
2025-07-30 15:32:34,232 INFO: Training ensemble model 7/12 (seed=3027629637)...
Saving loss history to models/ensembles/deterministic_12/model5/loss_history.txt ...
Layers for branch: [11, 10, 10]
Layers for trunk: [2, 10, 10]
Compiling model...
'compile' took 0.000083 s

Training model...

Step      Train loss    Test loss     Test metric   
0         [2.88e-01]    [3.57e-01]    [1.19e+00]    
1000      [3.38e-03]    [2.40e-03]    [1.84e-01]    
2000      [5.18e-04]    [5.50e-04]    [7.50e-02]    
3000      [4.14e-04]    [4.47e-04]    [6.86e-02]    
4000      [3.54e-04]    [3.92e-04]    [6.36e-02]    
5000      [3.06e-04]    [3.42e-04]    [5.96e-02]    
6000      [2.50e-04]    [2.76e-04]    [5.52e-02]    
7000      [1.36e-04]    [1.34e-04]    [3.95e-02]    
8000      [7.58e-05]    [6.62e-05]    [2.97e-02]    
9000      [5.70e-05]    [4.75e-05]    [2.54e-02]    
10000     [4.88e-05]    [3.92e-05]    [2.30e-02]    
11000     [4.38e-05]    [3.43e-05]    [2.15e-02]    
12000     [4.76e-05]    [3.70e-05]    [2.53e-02]    
13000     [3.70e-05]    [2.91e-05]    [1.91e-02]    
14000     [3.47e-05]    [2.74e-05]    [1.83e-02]    
15000     [3.29e-05]    [2.61e-05]    [1.76e-02]    
16000     [3.13e-05]    [2.52e-05]    [1.71e-02]    
17000     [3.00e-05]    [2.46e-05]    [1.67e-02]    
18000     [2.88e-05]    [2.40e-05]    [1.64e-02]    
19000     [2.79e-05]    [2.35e-05]    [1.61e-02]    
20000     [2.71e-05]    [2.30e-05]    [1.59e-02]    
21000     [2.64e-05]    [2.25e-05]    [1.57e-02]    
22000     [2.58e-05]    [2.19e-05]    [1.56e-02]    
23000     [2.52e-05]    [2.14e-05]    [1.54e-02]    
24000     [2.47e-05]    [2.09e-05]    [1.53e-02]    
25000     [2.43e-05]    [2.05e-05]    [1.52e-02]    
26000     [2.38e-05]    [2.00e-05]    [1.50e-02]    
27000     [2.34e-05]    [1.96e-05]    [1.49e-02]    
28000     [2.30e-05]    [1.92e-05]    [1.48e-02]    
29000     [2.27e-05]    [1.90e-05]    [1.49e-02]    
30000     [2.22e-05]    [1.84e-05]    [1.46e-02]    

Best model at step 30000:
  train loss: 2.22e-05
  test loss: 1.84e-05
  test metric: [1.46e-02]

'train' took 295.331158 s

2025-07-30 15:37:29,572 INFO: Model and artifacts saved to models/ensembles/deterministic_12/model6
2025-07-30 15:37:29,572 INFO: Training ensemble model 8/12 (seed=1321945570)...
Saving loss history to models/ensembles/deterministic_12/model6/loss_history.txt ...
Layers for branch: [11, 10, 10]
Layers for trunk: [2, 10, 10]
Compiling model...
'compile' took 0.000209 s

Training model...

Step      Train loss    Test loss     Test metric   
0         [2.69e-01]    [3.16e-01]    [1.00e+00]    
1000      [4.04e-03]    [3.17e-03]    [2.07e-01]    
2000      [6.62e-04]    [7.20e-04]    [8.56e-02]    
3000      [4.45e-04]    [5.04e-04]    [6.97e-02]    
4000      [2.92e-04]    [3.41e-04]    [5.55e-02]    
5000      [1.79e-04]    [2.05e-04]    [4.26e-02]    
6000      [1.04e-04]    [1.10e-04]    [3.18e-02]    
7000      [7.68e-05]    [8.21e-05]    [2.86e-02]    
8000      [6.72e-05]    [6.80e-05]    [2.70e-02]    
9000      [6.02e-05]    [5.77e-05]    [2.58e-02]    
10000     [6.06e-05]    [6.08e-05]    [3.06e-02]    
11000     [4.68e-05]    [4.07e-05]    [2.27e-02]    
12000     [3.99e-05]    [3.40e-05]    [2.07e-02]    
13000     [3.16e-05]    [2.81e-05]    [1.84e-02]    
14000     [2.45e-05]    [2.27e-05]    [1.56e-02]    
15000     [1.79e-05]    [1.82e-05]    [1.33e-02]    
16000     [1.23e-05]    [1.37e-05]    [1.09e-02]    
17000     [9.48e-06]    [1.11e-05]    [9.84e-03]    
18000     [8.49e-06]    [9.84e-06]    [9.56e-03]    
19000     [7.99e-06]    [9.06e-06]    [9.29e-03]    
20000     [7.64e-06]    [8.50e-06]    [9.11e-03]    
21000     [9.42e-06]    [1.08e-05]    [1.29e-02]    
22000     [7.14e-06]    [7.68e-06]    [8.84e-03]    
23000     [7.11e-06]    [7.70e-06]    [9.33e-03]    
24000     [6.78e-06]    [7.10e-06]    [8.62e-03]    
25000     [6.67e-06]    [6.87e-06]    [8.54e-03]    
26000     [6.50e-06]    [6.70e-06]    [8.50e-03]    
27000     [6.46e-06]    [6.52e-06]    [8.48e-03]    
28000     [6.28e-06]    [6.44e-06]    [8.45e-03]    
29000     [9.80e-06]    [8.66e-06]    [1.22e-02]    
30000     [6.10e-06]    [6.18e-06]    [8.32e-03]    

Best model at step 30000:
  train loss: 6.10e-06
  test loss: 6.18e-06
  test metric: [8.32e-03]

'train' took 291.820868 s

2025-07-30 15:42:21,403 INFO: Model and artifacts saved to models/ensembles/deterministic_12/model7
2025-07-30 15:42:21,403 INFO: Training ensemble model 9/12 (seed=535598582)...
Saving loss history to models/ensembles/deterministic_12/model7/loss_history.txt ...
Layers for branch: [11, 10, 10]
Layers for trunk: [2, 10, 10]
Compiling model...
'compile' took 0.000078 s

Training model...

Step      Train loss    Test loss     Test metric   
0         [2.78e-01]    [3.39e-01]    [1.07e+00]    
1000      [1.81e-03]    [1.63e-03]    [1.41e-01]    
2000      [7.51e-04]    [8.18e-04]    [9.16e-02]    
3000      [5.80e-04]    [6.44e-04]    [7.92e-02]    
4000      [4.57e-04]    [5.03e-04]    [6.98e-02]    
5000      [3.69e-04]    [4.13e-04]    [6.35e-02]    
6000      [2.90e-04]    [3.20e-04]    [5.77e-02]    
7000      [1.24e-04]    [1.22e-04]    [3.84e-02]    
8000      [6.48e-05]    [5.76e-05]    [2.70e-02]    
9000      [5.68e-05]    [4.82e-05]    [2.54e-02]    
10000     [5.06e-05]    [4.14e-05]    [2.39e-02]    
11000     [4.51e-05]    [3.58e-05]    [2.25e-02]    
12000     [3.98e-05]    [3.07e-05]    [2.13e-02]    
13000     [3.17e-05]    [2.40e-05]    [1.88e-02]    
14000     [2.21e-05]    [1.68e-05]    [1.58e-02]    
15000     [1.67e-05]    [1.39e-05]    [1.44e-02]    
16000     [1.46e-05]    [1.27e-05]    [1.38e-02]    
17000     [1.35e-05]    [1.19e-05]    [1.34e-02]    
18000     [1.28e-05]    [1.14e-05]    [1.31e-02]    
19000     [1.29e-05]    [1.12e-05]    [1.38e-02]    
20000     [1.81e-05]    [1.54e-05]    [1.84e-02]    
21000     [1.13e-05]    [1.02e-05]    [1.23e-02]    
22000     [1.09e-05]    [9.94e-06]    [1.21e-02]    
23000     [1.05e-05]    [9.65e-06]    [1.19e-02]    
24000     [1.02e-05]    [9.37e-06]    [1.17e-02]    
25000     [9.86e-06]    [9.10e-06]    [1.15e-02]    
26000     [9.54e-06]    [8.78e-06]    [1.13e-02]    
27000     [9.18e-06]    [8.52e-06]    [1.10e-02]    
28000     [8.84e-06]    [8.19e-06]    [1.08e-02]    
29000     [8.47e-06]    [7.91e-06]    [1.05e-02]    
30000     [8.10e-06]    [7.58e-06]    [1.02e-02]    

Best model at step 30000:
  train loss: 8.10e-06
  test loss: 7.58e-06
  test metric: [1.02e-02]

'train' took 279.606181 s

2025-07-30 15:47:01,018 INFO: Model and artifacts saved to models/ensembles/deterministic_12/model8
2025-07-30 15:47:01,018 INFO: Training ensemble model 10/12 (seed=2450779808)...
Saving loss history to models/ensembles/deterministic_12/model8/loss_history.txt ...
Layers for branch: [11, 10, 10]
Layers for trunk: [2, 10, 10]
Compiling model...
'compile' took 0.000077 s

Training model...

Step      Train loss    Test loss     Test metric   
0         [2.65e-01]    [3.14e-01]    [9.89e-01]    
1000      [2.40e-03]    [1.81e-03]    [1.57e-01]    
2000      [9.25e-04]    [9.02e-04]    [1.01e-01]    
3000      [6.86e-04]    [7.05e-04]    [8.63e-02]    
4000      [5.03e-04]    [4.96e-04]    [7.33e-02]    
5000      [3.35e-04]    [3.20e-04]    [5.88e-02]    
6000      [2.58e-04]    [2.48e-04]    [5.30e-02]    
7000      [1.95e-04]    [1.88e-04]    [4.66e-02]    
8000      [1.30e-04]    [1.33e-04]    [3.75e-02]    
9000      [8.71e-05]    [8.77e-05]    [3.17e-02]    
10000     [5.30e-05]    [5.02e-05]    [2.41e-02]    
11000     [3.96e-05]    [3.60e-05]    [2.07e-02]    
12000     [3.27e-05]    [2.91e-05]    [1.88e-02]    
13000     [2.80e-05]    [2.47e-05]    [1.73e-02]    
14000     [2.39e-05]    [2.07e-05]    [1.62e-02]    
15000     [2.23e-05]    [1.87e-05]    [1.70e-02]    
16000     [1.91e-05]    [1.59e-05]    [1.45e-02]    
17000     [1.77e-05]    [1.45e-05]    [1.38e-02]    
18000     [1.71e-05]    [1.43e-05]    [1.34e-02]    
19000     [1.63e-05]    [1.26e-05]    [1.41e-02]    
20000     [1.57e-05]    [1.22e-05]    [1.42e-02]    
21000     [1.45e-05]    [1.17e-05]    [1.30e-02]    
22000     [1.40e-05]    [1.14e-05]    [1.28e-02]    
23000     [1.34e-05]    [1.12e-05]    [1.26e-02]    
24000     [1.29e-05]    [1.10e-05]    [1.25e-02]    
25000     [1.24e-05]    [1.08e-05]    [1.22e-02]    
26000     [1.19e-05]    [1.06e-05]    [1.20e-02]    
27000     [1.13e-05]    [1.03e-05]    [1.18e-02]    
28000     [2.28e-05]    [2.52e-05]    [2.01e-02]    
29000     [9.80e-06]    [9.38e-06]    [1.08e-02]    
30000     [9.14e-06]    [8.80e-06]    [1.03e-02]    

Best model at step 30000:
  train loss: 9.14e-06
  test loss: 8.80e-06
  test metric: [1.03e-02]

'train' took 279.208158 s

2025-07-30 15:51:40,232 INFO: Model and artifacts saved to models/ensembles/deterministic_12/model9
2025-07-30 15:51:40,232 INFO: Training ensemble model 11/12 (seed=957527549)...
Saving loss history to models/ensembles/deterministic_12/model9/loss_history.txt ...
Layers for branch: [11, 10, 10]
Layers for trunk: [2, 10, 10]
Compiling model...
'compile' took 0.000085 s

Training model...

Step      Train loss    Test loss     Test metric   
0         [2.70e-01]    [3.22e-01]    [1.05e+00]    
1000      [2.20e-03]    [1.76e-03]    [1.47e-01]    
2000      [9.64e-04]    [9.75e-04]    [1.02e-01]    
3000      [6.64e-04]    [7.13e-04]    [8.69e-02]    
4000      [4.79e-04]    [4.97e-04]    [7.44e-02]    
5000      [3.37e-04]    [3.43e-04]    [6.16e-02]    
6000      [1.79e-04]    [1.74e-04]    [4.30e-02]    
7000      [8.04e-05]    [7.67e-05]    [2.74e-02]    
8000      [6.76e-05]    [6.51e-05]    [2.57e-02]    
9000      [6.11e-05]    [5.89e-05]    [2.47e-02]    
10000     [5.63e-05]    [5.33e-05]    [2.39e-02]    
11000     [5.20e-05]    [4.78e-05]    [2.30e-02]    
12000     [5.24e-05]    [4.30e-05]    [2.49e-02]    
13000     [4.56e-05]    [4.00e-05]    [2.17e-02]    
14000     [4.33e-05]    [3.70e-05]    [2.12e-02]    
15000     [4.07e-05]    [3.48e-05]    [2.07e-02]    
16000     [3.66e-05]    [3.18e-05]    [1.97e-02]    
17000     [2.90e-05]    [2.57e-05]    [1.76e-02]    
18000     [1.92e-05]    [1.84e-05]    [1.46e-02]    
19000     [1.48e-05]    [1.47e-05]    [1.30e-02]    
20000     [1.30e-05]    [1.32e-05]    [1.22e-02]    
21000     [1.19e-05]    [1.24e-05]    [1.16e-02]    
22000     [1.10e-05]    [1.18e-05]    [1.12e-02]    
23000     [1.03e-05]    [1.12e-05]    [1.09e-02]    
24000     [9.65e-06]    [1.06e-05]    [1.06e-02]    
25000     [9.07e-06]    [1.01e-05]    [1.02e-02]    
26000     [8.55e-06]    [9.56e-06]    [9.96e-03]    
27000     [8.09e-06]    [9.07e-06]    [9.69e-03]    
28000     [7.68e-06]    [8.62e-06]    [9.44e-03]    
29000     [7.34e-06]    [8.26e-06]    [9.23e-03]    
30000     [7.04e-06]    [7.95e-06]    [9.06e-03]    

Best model at step 30000:
  train loss: 7.04e-06
  test loss: 7.95e-06
  test metric: [9.06e-03]

'train' took 279.148514 s

2025-07-30 15:56:19,389 INFO: Model and artifacts saved to models/ensembles/deterministic_12/model10
2025-07-30 15:56:19,389 INFO: Training ensemble model 12/12 (seed=3141304409)...
Saving loss history to models/ensembles/deterministic_12/model10/loss_history.txt ...
Layers for branch: [11, 10, 10]
Layers for trunk: [2, 10, 10]
Compiling model...
'compile' took 0.000075 s

Training model...

Step      Train loss    Test loss     Test metric   
0         [2.76e-01]    [3.25e-01]    [1.02e+00]    
1000      [2.51e-03]    [2.07e-03]    [1.65e-01]    
2000      [5.70e-04]    [6.43e-04]    [7.80e-02]    
3000      [4.41e-04]    [5.15e-04]    [6.92e-02]    
4000      [3.61e-04]    [4.16e-04]    [6.51e-02]    
5000      [3.10e-04]    [3.48e-04]    [6.08e-02]    
6000      [1.99e-04]    [2.11e-04]    [4.73e-02]    
7000      [9.20e-05]    [8.06e-05]    [3.21e-02]    
8000      [7.48e-05]    [6.56e-05]    [2.92e-02]    
9000      [6.40e-05]    [5.54e-05]    [2.70e-02]    
10000     [5.49e-05]    [4.65e-05]    [2.48e-02]    
11000     [5.59e-05]    [5.13e-05]    [2.85e-02]    
12000     [3.58e-05]    [2.87e-05]    [1.94e-02]    
13000     [2.76e-05]    [2.14e-05]    [1.69e-02]    
14000     [2.08e-05]    [1.65e-05]    [1.41e-02]    
15000     [1.63e-05]    [1.33e-05]    [1.23e-02]    
16000     [1.43e-05]    [1.31e-05]    [1.13e-02]    
17000     [1.24e-05]    [1.12e-05]    [1.09e-02]    
18000     [1.13e-05]    [1.08e-05]    [1.06e-02]    
19000     [1.09e-05]    [1.02e-05]    [1.07e-02]    
20000     [9.61e-06]    [1.00e-05]    [9.84e-03]    
21000     [8.96e-06]    [9.67e-06]    [9.59e-03]    
22000     [8.30e-06]    [9.07e-06]    [9.37e-03]    
23000     [7.63e-06]    [8.93e-06]    [8.88e-03]    
24000     [3.04e-05]    [2.73e-05]    [2.63e-02]    
25000     [6.58e-06]    [8.36e-06]    [8.45e-03]    
26000     [2.43e-05]    [2.22e-05]    [2.34e-02]    
27000     [5.80e-06]    [7.73e-06]    [8.14e-03]    
28000     [5.46e-06]    [7.66e-06]    [7.84e-03]    
29000     [5.22e-06]    [7.37e-06]    [7.73e-03]    
30000     [5.00e-06]    [7.30e-06]    [7.54e-03]    

Best model at step 30000:
  train loss: 5.00e-06
  test loss: 7.30e-06
  test metric: [7.54e-03]

'train' took 279.200284 s

2025-07-30 16:00:58,598 INFO: Model and artifacts saved to models/ensembles/deterministic_12/model11
2025-07-30 16:00:58,598 INFO: Training complete.
Saving loss history to models/ensembles/deterministic_12/model11/loss_history.txt ...
