nohup: ignoring input
Using backend: pytorch
Other supported backends: tensorflow.compat.v1, tensorflow, jax, paddle.
paddle supports more examples now and is recommended.
2025-07-30 15:03:00,830 INFO: Base output directory set to: models/ensembles/deterministic_8
2025-07-30 15:03:00,830 INFO: Training ensemble model 1/8 (seed=1437285942)...
Layers for branch: [11, 10, 10]
Layers for trunk: [2, 10, 10]
Compiling model...
'compile' took 0.796624 s

Training model...

Step      Train loss    Test loss     Test metric   
0         [2.94e-01]    [3.20e-01]    [1.19e+00]    
1000      [2.17e-03]    [1.65e-03]    [1.47e-01]    
2000      [6.75e-04]    [7.33e-04]    [8.31e-02]    
3000      [5.07e-04]    [5.26e-04]    [7.32e-02]    
4000      [4.19e-04]    [4.28e-04]    [6.70e-02]    
5000      [3.28e-04]    [3.42e-04]    [5.95e-02]    
6000      [2.06e-04]    [2.11e-04]    [4.74e-02]    
7000      [9.97e-05]    [8.72e-05]    [4.00e-02]    
8000      [6.10e-05]    [4.63e-05]    [2.75e-02]    
9000      [5.17e-05]    [3.91e-05]    [2.49e-02]    
10000     [4.60e-05]    [3.53e-05]    [2.36e-02]    
11000     [4.07e-05]    [3.20e-05]    [2.21e-02]    
12000     [3.52e-05]    [2.86e-05]    [2.07e-02]    
13000     [2.95e-05]    [2.49e-05]    [1.88e-02]    
14000     [2.44e-05]    [2.08e-05]    [1.75e-02]    
15000     [3.28e-05]    [2.76e-05]    [2.56e-02]    
16000     [2.77e-05]    [2.54e-05]    [2.00e-02]    
17000     [1.67e-05]    [1.45e-05]    [1.43e-02]    
18000     [1.57e-05]    [1.38e-05]    [1.42e-02]    
19000     [1.48e-05]    [1.32e-05]    [1.32e-02]    
20000     [1.43e-05]    [1.29e-05]    [1.29e-02]    
21000     [1.49e-05]    [1.36e-05]    [1.22e-02]    
22000     [1.36e-05]    [1.24e-05]    [1.26e-02]    
23000     [1.36e-05]    [1.25e-05]    [1.36e-02]    
24000     [1.40e-05]    [1.37e-05]    [1.40e-02]    
25000     [1.30e-05]    [1.19e-05]    [1.27e-02]    
26000     [1.25e-05]    [1.19e-05]    [1.21e-02]    
27000     [2.42e-05]    [2.47e-05]    [1.99e-02]    
28000     [1.65e-05]    [1.67e-05]    [1.47e-02]    
29000     [1.19e-05]    [1.18e-05]    [1.16e-02]    
30000     [1.18e-05]    [1.15e-05]    [1.24e-02]    

Best model at step 30000:
  train loss: 1.18e-05
  test loss: 1.15e-05
  test metric: [1.24e-02]

'train' took 287.817090 s

2025-07-30 15:07:49,473 INFO: Model and artifacts saved to models/ensembles/deterministic_8/model0
2025-07-30 15:07:49,473 INFO: Training ensemble model 2/8 (seed=2567553972)...
Saving loss history to models/ensembles/deterministic_8/model0/loss_history.txt ...
Layers for branch: [11, 10, 10]
Layers for trunk: [2, 10, 10]
Compiling model...
'compile' took 0.000086 s

Training model...

Step      Train loss    Test loss     Test metric   
0         [2.71e-01]    [2.93e-01]    [1.16e+00]    
1000      [2.34e-03]    [1.67e-03]    [1.51e-01]    
2000      [6.35e-04]    [7.44e-04]    [8.26e-02]    
3000      [5.15e-04]    [5.91e-04]    [7.52e-02]    
4000      [4.20e-04]    [4.74e-04]    [6.86e-02]    
5000      [3.42e-04]    [4.02e-04]    [6.41e-02]    
6000      [2.07e-04]    [2.28e-04]    [4.80e-02]    
7000      [9.06e-05]    [9.41e-05]    [3.39e-02]    
8000      [6.52e-05]    [6.81e-05]    [2.75e-02]    
9000      [5.34e-05]    [5.73e-05]    [2.47e-02]    
10000     [4.74e-05]    [5.19e-05]    [2.34e-02]    
11000     [4.59e-05]    [4.58e-05]    [2.38e-02]    
12000     [3.86e-05]    [3.93e-05]    [2.08e-02]    
13000     [3.10e-05]    [3.00e-05]    [1.82e-02]    
14000     [2.41e-05]    [2.29e-05]    [1.58e-02]    
15000     [2.10e-05]    [2.03e-05]    [1.47e-02]    
16000     [2.83e-05]    [2.61e-05]    [2.15e-02]    
17000     [1.63e-05]    [1.63e-05]    [1.31e-02]    
18000     [1.44e-05]    [1.48e-05]    [1.24e-02]    
19000     [1.87e-05]    [1.77e-05]    [1.74e-02]    
20000     [1.22e-05]    [1.22e-05]    [1.19e-02]    
21000     [1.07e-05]    [1.13e-05]    [1.08e-02]    
22000     [1.01e-05]    [1.06e-05]    [1.04e-02]    
23000     [9.56e-06]    [1.01e-05]    [1.02e-02]    
24000     [9.15e-06]    [9.72e-06]    [9.96e-03]    
25000     [2.41e-05]    [2.33e-05]    [2.23e-02]    
26000     [8.69e-06]    [9.01e-06]    [9.85e-03]    
27000     [8.32e-06]    [8.82e-06]    [9.54e-03]    
28000     [8.11e-06]    [8.57e-06]    [9.45e-03]    
29000     [7.94e-06]    [8.41e-06]    [9.37e-03]    
30000     [9.07e-06]    [1.00e-05]    [1.13e-02]    

Best model at step 29000:
  train loss: 7.94e-06
  test loss: 8.41e-06
  test metric: [9.37e-03]

'train' took 291.719476 s

2025-07-30 15:12:41,201 INFO: Model and artifacts saved to models/ensembles/deterministic_8/model1
2025-07-30 15:12:41,202 INFO: Training ensemble model 3/8 (seed=467141585)...
Saving loss history to models/ensembles/deterministic_8/model1/loss_history.txt ...
Layers for branch: [11, 10, 10]
Layers for trunk: [2, 10, 10]
Compiling model...
'compile' took 0.000080 s

Training model...

Step      Train loss    Test loss     Test metric   
0         [2.63e-01]    [3.07e-01]    [9.96e-01]    
1000      [1.97e-03]    [1.56e-03]    [1.42e-01]    
2000      [6.08e-04]    [6.86e-04]    [8.10e-02]    
3000      [4.59e-04]    [5.17e-04]    [7.00e-02]    
4000      [3.89e-04]    [4.42e-04]    [6.57e-02]    
5000      [3.56e-04]    [4.05e-04]    [6.40e-02]    
6000      [3.39e-04]    [3.87e-04]    [6.29e-02]    
7000      [3.14e-04]    [3.59e-04]    [6.07e-02]    
8000      [1.39e-04]    [1.41e-04]    [3.95e-02]    
9000      [8.85e-05]    [7.43e-05]    [3.18e-02]    
10000     [7.65e-05]    [6.27e-05]    [2.90e-02]    
11000     [6.81e-05]    [5.46e-05]    [2.71e-02]    
12000     [6.07e-05]    [4.74e-05]    [2.54e-02]    
13000     [5.42e-05]    [4.12e-05]    [2.38e-02]    
14000     [4.89e-05]    [3.66e-05]    [2.25e-02]    
15000     [4.50e-05]    [3.33e-05]    [2.15e-02]    
16000     [7.35e-05]    [6.20e-05]    [3.79e-02]    
17000     [3.97e-05]    [2.93e-05]    [2.02e-02]    
18000     [3.78e-05]    [2.80e-05]    [1.97e-02]    
19000     [3.62e-05]    [2.69e-05]    [1.93e-02]    
20000     [3.47e-05]    [2.58e-05]    [1.89e-02]    
21000     [3.32e-05]    [2.47e-05]    [1.85e-02]    
22000     [3.17e-05]    [2.36e-05]    [1.81e-02]    
23000     [3.02e-05]    [2.24e-05]    [1.77e-02]    
24000     [4.83e-05]    [3.86e-05]    [2.99e-02]    
25000     [2.71e-05]    [2.01e-05]    [1.68e-02]    
26000     [2.55e-05]    [1.89e-05]    [1.64e-02]    
27000     [2.40e-05]    [1.78e-05]    [1.59e-02]    
28000     [2.24e-05]    [1.67e-05]    [1.55e-02]    
29000     [2.27e-05]    [1.67e-05]    [1.68e-02]    
30000     [1.97e-05]    [1.50e-05]    [1.47e-02]    

Best model at step 30000:
  train loss: 1.97e-05
  test loss: 1.50e-05
  test metric: [1.47e-02]

'train' took 291.637157 s

2025-07-30 15:17:32,848 INFO: Model and artifacts saved to models/ensembles/deterministic_8/model2
2025-07-30 15:17:32,848 INFO: Training ensemble model 4/8 (seed=3988747744)...
Saving loss history to models/ensembles/deterministic_8/model2/loss_history.txt ...
Layers for branch: [11, 10, 10]
Layers for trunk: [2, 10, 10]
Compiling model...
'compile' took 0.000211 s

Training model...

Step      Train loss    Test loss     Test metric   
0         [2.74e-01]    [3.19e-01]    [1.01e+00]    
1000      [2.59e-03]    [2.00e-03]    [1.59e-01]    
2000      [8.10e-04]    [8.15e-04]    [9.12e-02]    
3000      [5.29e-04]    [5.56e-04]    [7.54e-02]    
4000      [3.52e-04]    [3.88e-04]    [6.38e-02]    
5000      [2.54e-04]    [2.79e-04]    [5.45e-02]    
6000      [1.55e-04]    [1.52e-04]    [4.13e-02]    
7000      [1.09e-04]    [1.03e-04]    [3.41e-02]    
8000      [8.92e-05]    [8.29e-05]    [3.10e-02]    
9000      [7.43e-05]    [6.69e-05]    [2.84e-02]    
10000     [6.30e-05]    [5.55e-05]    [2.63e-02]    
11000     [5.54e-05]    [4.79e-05]    [2.47e-02]    
12000     [5.00e-05]    [4.25e-05]    [2.33e-02]    
13000     [4.50e-05]    [3.77e-05]    [2.23e-02]    
14000     [4.02e-05]    [3.29e-05]    [2.11e-02]    
15000     [3.43e-05]    [2.84e-05]    [1.97e-02]    
16000     [2.79e-05]    [2.43e-05]    [1.79e-02]    
17000     [2.22e-05]    [2.06e-05]    [1.58e-02]    
18000     [1.93e-05]    [1.85e-05]    [1.45e-02]    
19000     [1.76e-05]    [1.71e-05]    [1.37e-02]    
20000     [1.63e-05]    [1.61e-05]    [1.31e-02]    
21000     [1.53e-05]    [1.52e-05]    [1.26e-02]    
22000     [1.70e-05]    [1.71e-05]    [1.43e-02]    
23000     [1.43e-05]    [1.44e-05]    [1.22e-02]    
24000     [1.33e-05]    [1.31e-05]    [1.15e-02]    
25000     [1.28e-05]    [1.25e-05]    [1.12e-02]    
26000     [1.23e-05]    [1.20e-05]    [1.10e-02]    
27000     [1.18e-05]    [1.15e-05]    [1.07e-02]    
28000     [1.14e-05]    [1.10e-05]    [1.04e-02]    
29000     [1.10e-05]    [1.06e-05]    [1.03e-02]    
30000     [1.97e-05]    [1.85e-05]    [1.84e-02]    

Best model at step 29000:
  train loss: 1.10e-05
  test loss: 1.06e-05
  test metric: [1.03e-02]

'train' took 292.387342 s

2025-07-30 15:22:25,246 INFO: Model and artifacts saved to models/ensembles/deterministic_8/model3
2025-07-30 15:22:25,246 INFO: Training ensemble model 5/8 (seed=2793604944)...
Saving loss history to models/ensembles/deterministic_8/model3/loss_history.txt ...
Layers for branch: [11, 10, 10]
Layers for trunk: [2, 10, 10]
Compiling model...
'compile' took 0.000077 s

Training model...

Step      Train loss    Test loss     Test metric   
0         [2.93e-01]    [3.67e-01]    [1.26e+00]    
1000      [2.03e-03]    [1.60e-03]    [1.42e-01]    
2000      [7.27e-04]    [8.20e-04]    [8.80e-02]    
3000      [6.15e-04]    [6.93e-04]    [8.18e-02]    
4000      [4.63e-04]    [5.08e-04]    [7.09e-02]    
5000      [3.16e-04]    [3.46e-04]    [5.95e-02]    
6000      [1.72e-04]    [1.90e-04]    [4.34e-02]    
7000      [7.57e-05]    [7.93e-05]    [2.84e-02]    
8000      [5.92e-05]    [5.78e-05]    [2.62e-02]    
9000      [5.03e-05]    [4.86e-05]    [2.37e-02]    
10000     [4.31e-05]    [4.19e-05]    [2.22e-02]    
11000     [3.54e-05]    [3.49e-05]    [2.04e-02]    
12000     [2.82e-05]    [2.90e-05]    [1.86e-02]    
13000     [2.28e-05]    [2.49e-05]    [1.73e-02]    
14000     [1.88e-05]    [2.17e-05]    [1.61e-02]    
15000     [1.59e-05]    [1.90e-05]    [1.51e-02]    
16000     [1.41e-05]    [1.67e-05]    [1.43e-02]    
17000     [1.27e-05]    [1.47e-05]    [1.34e-02]    
18000     [1.15e-05]    [1.30e-05]    [1.25e-02]    
19000     [1.02e-05]    [1.15e-05]    [1.17e-02]    
20000     [9.49e-06]    [1.07e-05]    [1.14e-02]    
21000     [8.52e-06]    [9.95e-06]    [1.05e-02]    
22000     [7.91e-06]    [9.44e-06]    [1.00e-02]    
23000     [7.43e-06]    [9.03e-06]    [9.68e-03]    
24000     [7.21e-06]    [9.06e-06]    [9.84e-03]    
25000     [6.77e-06]    [8.47e-06]    [9.27e-03]    
26000     [6.56e-06]    [8.26e-06]    [9.17e-03]    
27000     [7.58e-06]    [9.42e-06]    [1.11e-02]    
28000     [6.29e-06]    [7.91e-06]    [9.03e-03]    
29000     [6.22e-06]    [7.72e-06]    [9.00e-03]    
30000     [6.11e-06]    [7.64e-06]    [8.96e-03]    

Best model at step 30000:
  train loss: 6.11e-06
  test loss: 7.64e-06
  test metric: [8.96e-03]

'train' took 291.665190 s

2025-07-30 15:27:16,920 INFO: Model and artifacts saved to models/ensembles/deterministic_8/model4
2025-07-30 15:27:16,920 INFO: Training ensemble model 6/8 (seed=3142665532)...
Saving loss history to models/ensembles/deterministic_8/model4/loss_history.txt ...
Layers for branch: [11, 10, 10]
Layers for trunk: [2, 10, 10]
Compiling model...
'compile' took 0.000078 s

Training model...

Step      Train loss    Test loss     Test metric   
0         [2.69e-01]    [3.20e-01]    [1.03e+00]    
1000      [2.11e-03]    [1.75e-03]    [1.52e-01]    
2000      [6.41e-04]    [6.64e-04]    [8.38e-02]    
3000      [5.49e-04]    [5.75e-04]    [7.71e-02]    
4000      [4.75e-04]    [5.03e-04]    [7.18e-02]    
5000      [3.59e-04]    [3.89e-04]    [6.34e-02]    
6000      [1.90e-04]    [1.94e-04]    [4.60e-02]    
7000      [1.07e-04]    [9.98e-05]    [3.30e-02]    
8000      [8.01e-05]    [7.34e-05]    [2.84e-02]    
9000      [6.19e-05]    [5.31e-05]    [2.51e-02]    
10000     [5.14e-05]    [4.29e-05]    [2.31e-02]    
11000     [4.61e-05]    [3.83e-05]    [2.21e-02]    
12000     [4.27e-05]    [3.55e-05]    [2.15e-02]    
13000     [3.87e-05]    [3.15e-05]    [2.04e-02]    
14000     [3.44e-05]    [2.75e-05]    [1.92e-02]    
15000     [2.91e-05]    [2.31e-05]    [1.77e-02]    
16000     [2.32e-05]    [1.82e-05]    [1.57e-02]    
17000     [1.90e-05]    [1.47e-05]    [1.42e-02]    
18000     [1.66e-05]    [1.26e-05]    [1.30e-02]    
19000     [1.39e-05]    [1.06e-05]    [1.21e-02]    
20000     [1.17e-05]    [9.05e-06]    [1.10e-02]    
21000     [9.79e-06]    [7.90e-06]    [9.95e-03]    
22000     [8.19e-06]    [6.77e-06]    [9.20e-03]    
23000     [7.17e-06]    [6.11e-06]    [8.67e-03]    
24000     [6.56e-06]    [5.77e-06]    [8.43e-03]    
25000     [6.19e-06]    [5.61e-06]    [8.32e-03]    
26000     [5.95e-06]    [5.49e-06]    [8.34e-03]    
27000     [7.32e-06]    [7.10e-06]    [1.02e-02]    
28000     [5.64e-06]    [5.34e-06]    [8.27e-03]    
29000     [5.53e-06]    [5.26e-06]    [8.26e-03]    
30000     [5.46e-06]    [5.23e-06]    [8.18e-03]    

Best model at step 30000:
  train loss: 5.46e-06
  test loss: 5.23e-06
  test metric: [8.18e-03]

'train' took 288.131312 s

2025-07-30 15:32:05,060 INFO: Model and artifacts saved to models/ensembles/deterministic_8/model5
2025-07-30 15:32:05,060 INFO: Training ensemble model 7/8 (seed=3868356721)...
Saving loss history to models/ensembles/deterministic_8/model5/loss_history.txt ...
Layers for branch: [11, 10, 10]
Layers for trunk: [2, 10, 10]
Compiling model...
'compile' took 0.000079 s

Training model...

Step      Train loss    Test loss     Test metric   
0         [2.78e-01]    [3.26e-01]    [1.01e+00]    
1000      [1.31e-03]    [1.19e-03]    [1.11e-01]    
2000      [7.55e-04]    [8.39e-04]    [8.89e-02]    
3000      [5.68e-04]    [6.18e-04]    [7.64e-02]    
4000      [3.39e-04]    [3.46e-04]    [5.78e-02]    
5000      [1.81e-04]    [1.69e-04]    [4.22e-02]    
6000      [1.04e-04]    [9.72e-05]    [3.26e-02]    
7000      [7.36e-05]    [7.02e-05]    [2.85e-02]    
8000      [6.18e-05]    [5.91e-05]    [2.64e-02]    
9000      [5.48e-05]    [5.20e-05]    [2.46e-02]    
10000     [4.82e-05]    [4.48e-05]    [2.24e-02]    
11000     [4.18e-05]    [3.86e-05]    [2.12e-02]    
12000     [3.72e-05]    [3.43e-05]    [2.03e-02]    
13000     [3.44e-05]    [3.14e-05]    [1.93e-02]    
14000     [3.09e-05]    [2.85e-05]    [1.87e-02]    
15000     [2.94e-05]    [2.69e-05]    [1.80e-02]    
16000     [2.65e-05]    [2.54e-05]    [1.73e-02]    
17000     [2.45e-05]    [2.41e-05]    [1.68e-02]    
18000     [2.83e-05]    [2.85e-05]    [2.15e-02]    
19000     [2.17e-05]    [2.22e-05]    [1.56e-02]    
20000     [2.04e-05]    [2.11e-05]    [1.52e-02]    
21000     [2.07e-05]    [2.14e-05]    [1.70e-02]    
22000     [1.89e-05]    [1.99e-05]    [1.47e-02]    
23000     [1.81e-05]    [1.92e-05]    [1.45e-02]    
24000     [1.76e-05]    [1.87e-05]    [1.43e-02]    
25000     [1.72e-05]    [1.84e-05]    [1.41e-02]    
26000     [1.83e-05]    [1.90e-05]    [1.63e-02]    
27000     [1.66e-05]    [1.78e-05]    [1.38e-02]    
28000     [1.61e-05]    [1.73e-05]    [1.38e-02]    
29000     [1.58e-05]    [1.70e-05]    [1.37e-02]    
30000     [1.56e-05]    [1.67e-05]    [1.36e-02]    

Best model at step 30000:
  train loss: 1.56e-05
  test loss: 1.67e-05
  test metric: [1.36e-02]

'train' took 291.743434 s

2025-07-30 15:36:56,810 INFO: Model and artifacts saved to models/ensembles/deterministic_8/model6
2025-07-30 15:36:56,810 INFO: Training ensemble model 8/8 (seed=2627912755)...
Saving loss history to models/ensembles/deterministic_8/model6/loss_history.txt ...
Layers for branch: [11, 10, 10]
Layers for trunk: [2, 10, 10]
Compiling model...
'compile' took 0.000080 s

Training model...

Step      Train loss    Test loss     Test metric   
0         [2.84e-01]    [3.53e-01]    [1.12e+00]    
1000      [1.52e-03]    [1.28e-03]    [1.26e-01]    
2000      [5.37e-04]    [5.98e-04]    [7.52e-02]    
3000      [4.12e-04]    [4.56e-04]    [6.75e-02]    
4000      [3.29e-04]    [3.64e-04]    [6.05e-02]    
5000      [2.38e-04]    [2.55e-04]    [5.15e-02]    
6000      [1.25e-04]    [1.17e-04]    [3.67e-02]    
7000      [6.21e-05]    [4.94e-05]    [2.55e-02]    
8000      [5.24e-05]    [4.12e-05]    [2.42e-02]    
9000      [4.61e-05]    [3.58e-05]    [2.25e-02]    
10000     [4.15e-05]    [3.26e-05]    [2.12e-02]    
11000     [3.79e-05]    [2.99e-05]    [1.99e-02]    
12000     [3.32e-05]    [2.65e-05]    [1.84e-02]    
13000     [2.74e-05]    [2.25e-05]    [1.73e-02]    
14000     [1.95e-05]    [1.66e-05]    [1.37e-02]    
15000     [1.57e-05]    [1.36e-05]    [1.23e-02]    
16000     [1.37e-05]    [1.19e-05]    [1.16e-02]    
17000     [1.30e-05]    [1.11e-05]    [1.20e-02]    
18000     [1.14e-05]    [9.72e-06]    [1.08e-02]    
19000     [1.09e-05]    [9.40e-06]    [1.09e-02]    
20000     [1.00e-05]    [8.66e-06]    [1.04e-02]    
21000     [9.61e-06]    [8.41e-06]    [1.03e-02]    
22000     [9.30e-06]    [8.20e-06]    [1.02e-02]    
23000     [1.48e-05]    [1.32e-05]    [1.61e-02]    
24000     [9.15e-06]    [8.13e-06]    [1.04e-02]    
25000     [8.62e-06]    [7.62e-06]    [9.92e-03]    
26000     [8.45e-06]    [7.44e-06]    [9.80e-03]    
27000     [8.26e-06]    [7.28e-06]    [9.72e-03]    
28000     [8.08e-06]    [7.13e-06]    [9.64e-03]    
29000     [7.90e-06]    [6.97e-06]    [9.54e-03]    
30000     [1.42e-05]    [1.31e-05]    [1.65e-02]    

Best model at step 29000:
  train loss: 7.90e-06
  test loss: 6.97e-06
  test metric: [9.54e-03]

'train' took 291.257884 s

2025-07-30 15:41:48,074 INFO: Model and artifacts saved to models/ensembles/deterministic_8/model7
2025-07-30 15:41:48,074 INFO: Training complete.
Saving loss history to models/ensembles/deterministic_8/model7/loss_history.txt ...
