nohup: ignoring input
Using backend: pytorch
Other supported backends: tensorflow.compat.v1, tensorflow, jax, paddle.
paddle supports more examples now and is recommended.
2025-07-30 15:02:09,210 INFO: Base output directory set to: models/ensembles/deterministic_4
2025-07-30 15:02:09,210 INFO: Training ensemble model 1/4 (seed=3095829535)...
Layers for branch: [11, 10, 10]
Layers for trunk: [2, 10, 10]
Compiling model...
'compile' took 0.798069 s

Training model...

Step      Train loss    Test loss     Test metric   
0         [2.76e-01]    [3.19e-01]    [1.02e+00]    
1000      [4.07e-03]    [3.24e-03]    [2.09e-01]    
2000      [6.98e-04]    [7.32e-04]    [8.37e-02]    
3000      [5.24e-04]    [5.95e-04]    [7.55e-02]    
4000      [4.28e-04]    [4.99e-04]    [6.95e-02]    
5000      [3.85e-04]    [4.48e-04]    [6.70e-02]    
6000      [3.85e-04]    [4.48e-04]    [7.28e-02]    
7000      [3.54e-04]    [4.05e-04]    [6.55e-02]    
8000      [3.30e-04]    [3.75e-04]    [6.28e-02]    
9000      [1.59e-04]    [1.57e-04]    [4.17e-02]    
10000     [8.02e-05]    [6.79e-05]    [3.05e-02]    
11000     [5.41e-05]    [4.39e-05]    [2.44e-02]    
12000     [4.75e-05]    [3.66e-05]    [2.23e-02]    
13000     [4.34e-05]    [3.35e-05]    [2.12e-02]    
14000     [3.76e-05]    [3.06e-05]    [2.04e-02]    
15000     [3.20e-05]    [2.74e-05]    [1.86e-02]    
16000     [2.70e-05]    [2.41e-05]    [1.73e-02]    
17000     [2.23e-05]    [2.03e-05]    [1.59e-02]    
18000     [1.84e-05]    [1.65e-05]    [1.46e-02]    
19000     [1.54e-05]    [1.36e-05]    [1.36e-02]    
20000     [1.41e-05]    [1.25e-05]    [1.33e-02]    
21000     [1.23e-05]    [1.09e-05]    [1.22e-02]    
22000     [1.18e-05]    [1.04e-05]    [1.24e-02]    
23000     [1.06e-05]    [9.52e-06]    [1.15e-02]    
24000     [9.98e-06]    [9.03e-06]    [1.13e-02]    
25000     [9.38e-06]    [8.60e-06]    [1.08e-02]    
26000     [8.87e-06]    [8.21e-06]    [1.05e-02]    
27000     [8.40e-06]    [7.86e-06]    [1.03e-02]    
28000     [1.51e-05]    [1.54e-05]    [1.72e-02]    
29000     [7.59e-06]    [7.19e-06]    [9.90e-03]    
30000     [7.24e-06]    [7.03e-06]    [9.51e-03]    

Best model at step 30000:
  train loss: 7.24e-06
  test loss: 7.03e-06
  test metric: [9.51e-03]

'train' took 289.106065 s

2025-07-30 15:06:59,145 INFO: Model and artifacts saved to models/ensembles/deterministic_4/model0
2025-07-30 15:06:59,145 INFO: Training ensemble model 2/4 (seed=2551584374)...
Saving loss history to models/ensembles/deterministic_4/model0/loss_history.txt ...
Layers for branch: [11, 10, 10]
Layers for trunk: [2, 10, 10]
Compiling model...
'compile' took 0.000082 s

Training model...

Step      Train loss    Test loss     Test metric   
0         [2.81e-01]    [3.30e-01]    [1.03e+00]    
1000      [1.99e-03]    [1.44e-03]    [1.45e-01]    
2000      [6.10e-04]    [6.84e-04]    [8.22e-02]    
3000      [4.49e-04]    [5.06e-04]    [7.04e-02]    
4000      [3.33e-04]    [3.65e-04]    [6.12e-02]    
5000      [1.41e-04]    [1.20e-04]    [3.99e-02]    
6000      [6.55e-05]    [4.97e-05]    [2.64e-02]    
7000      [5.22e-05]    [3.86e-05]    [2.35e-02]    
8000      [4.63e-05]    [3.51e-05]    [2.19e-02]    
9000      [4.28e-05]    [3.35e-05]    [2.10e-02]    
10000     [4.00e-05]    [3.24e-05]    [2.04e-02]    
11000     [3.74e-05]    [3.11e-05]    [1.98e-02]    
12000     [3.48e-05]    [2.98e-05]    [1.91e-02]    
13000     [3.22e-05]    [2.80e-05]    [1.83e-02]    
14000     [2.88e-05]    [2.62e-05]    [1.76e-02]    
15000     [2.56e-05]    [2.40e-05]    [1.67e-02]    
16000     [2.27e-05]    [2.27e-05]    [1.63e-02]    
17000     [1.98e-05]    [1.98e-05]    [1.52e-02]    
18000     [1.81e-05]    [1.75e-05]    [1.49e-02]    
19000     [1.55e-05]    [1.63e-05]    [1.38e-02]    
20000     [1.40e-05]    [1.50e-05]    [1.32e-02]    
21000     [2.82e-05]    [2.44e-05]    [2.35e-02]    
22000     [1.20e-05]    [1.30e-05]    [1.23e-02]    
23000     [1.14e-05]    [1.22e-05]    [1.19e-02]    
24000     [1.09e-05]    [1.14e-05]    [1.17e-02]    
25000     [1.03e-05]    [1.10e-05]    [1.13e-02]    
26000     [9.97e-06]    [1.03e-05]    [1.12e-02]    
27000     [9.58e-06]    [1.00e-05]    [1.09e-02]    
28000     [9.26e-06]    [9.37e-06]    [1.07e-02]    
29000     [1.17e-05]    [1.08e-05]    [1.40e-02]    
30000     [8.63e-06]    [8.73e-06]    [1.01e-02]    

Best model at step 30000:
  train loss: 8.63e-06
  test loss: 8.73e-06
  test metric: [1.01e-02]

'train' took 296.119804 s

2025-07-30 15:11:55,274 INFO: Model and artifacts saved to models/ensembles/deterministic_4/model1
2025-07-30 15:11:55,274 INFO: Training ensemble model 3/4 (seed=801431456)...
Saving loss history to models/ensembles/deterministic_4/model1/loss_history.txt ...
Layers for branch: [11, 10, 10]
Layers for trunk: [2, 10, 10]
Compiling model...
'compile' took 0.000076 s

Training model...

Step      Train loss    Test loss     Test metric   
0         [2.68e-01]    [3.09e-01]    [1.02e+00]    
1000      [4.14e-03]    [2.76e-03]    [2.02e-01]    
2000      [6.64e-04]    [7.38e-04]    [8.12e-02]    
3000      [4.91e-04]    [5.42e-04]    [7.24e-02]    
4000      [3.90e-04]    [4.40e-04]    [6.63e-02]    
5000      [3.29e-04]    [3.78e-04]    [6.19e-02]    
6000      [2.90e-04]    [3.34e-04]    [5.82e-02]    
7000      [1.80e-04]    [2.01e-04]    [4.53e-02]    
8000      [5.79e-05]    [4.81e-05]    [2.51e-02]    
9000      [4.88e-05]    [3.99e-05]    [2.50e-02]    
10000     [3.68e-05]    [3.09e-05]    [1.94e-02]    
11000     [3.35e-05]    [3.05e-05]    [2.01e-02]    
12000     [2.59e-05]    [2.19e-05]    [1.70e-02]    
13000     [2.00e-05]    [1.78e-05]    [1.41e-02]    
14000     [1.62e-05]    [1.50e-05]    [1.28e-02]    
15000     [1.35e-05]    [1.28e-05]    [1.20e-02]    
16000     [1.16e-05]    [1.11e-05]    [1.14e-02]    
17000     [1.03e-05]    [9.84e-06]    [1.10e-02]    
18000     [9.13e-06]    [8.81e-06]    [1.02e-02]    
19000     [8.41e-06]    [8.22e-06]    [9.88e-03]    
20000     [1.16e-05]    [1.03e-05]    [1.41e-02]    
21000     [7.71e-06]    [7.55e-06]    [9.61e-03]    
22000     [7.55e-06]    [7.43e-06]    [9.49e-03]    
23000     [7.33e-06]    [7.27e-06]    [9.43e-03]    
24000     [7.19e-06]    [7.11e-06]    [9.38e-03]    
25000     [7.06e-06]    [6.98e-06]    [9.32e-03]    
26000     [6.97e-06]    [6.93e-06]    [9.26e-03]    
27000     [6.84e-06]    [6.73e-06]    [9.21e-03]    
28000     [6.89e-06]    [6.87e-06]    [9.30e-03]    
29000     [6.64e-06]    [6.52e-06]    [9.10e-03]    
30000     [6.56e-06]    [6.41e-06]    [9.06e-03]    

Best model at step 30000:
  train loss: 6.56e-06
  test loss: 6.41e-06
  test metric: [9.06e-03]

'train' took 296.305037 s

2025-07-30 15:16:51,585 INFO: Model and artifacts saved to models/ensembles/deterministic_4/model2
2025-07-30 15:16:51,585 INFO: Training ensemble model 4/4 (seed=2737076505)...
Saving loss history to models/ensembles/deterministic_4/model2/loss_history.txt ...
Layers for branch: [11, 10, 10]
Layers for trunk: [2, 10, 10]
Compiling model...
'compile' took 0.000079 s

Training model...

Step      Train loss    Test loss     Test metric   
0         [2.77e-01]    [3.12e-01]    [1.07e+00]    
1000      [2.14e-03]    [1.75e-03]    [1.50e-01]    
2000      [6.53e-04]    [6.96e-04]    [8.41e-02]    
3000      [5.29e-04]    [5.71e-04]    [7.56e-02]    
4000      [4.35e-04]    [4.72e-04]    [6.90e-02]    
5000      [3.38e-04]    [3.69e-04]    [6.14e-02]    
6000      [2.37e-04]    [2.55e-04]    [5.23e-02]    
7000      [1.33e-04]    [1.33e-04]    [3.89e-02]    
8000      [7.03e-05]    [5.84e-05]    [2.86e-02]    
9000      [5.65e-05]    [4.47e-05]    [2.48e-02]    
10000     [4.60e-05]    [3.42e-05]    [2.22e-02]    
11000     [3.78e-05]    [2.74e-05]    [2.01e-02]    
12000     [3.21e-05]    [2.36e-05]    [1.84e-02]    
13000     [2.82e-05]    [2.15e-05]    [1.76e-02]    
14000     [2.51e-05]    [2.00e-05]    [1.68e-02]    
15000     [4.45e-05]    [3.82e-05]    [2.99e-02]    
16000     [4.41e-05]    [3.85e-05]    [3.02e-02]    
17000     [1.89e-05]    [1.66e-05]    [1.52e-02]    
18000     [1.77e-05]    [1.58e-05]    [1.49e-02]    
19000     [1.67e-05]    [1.52e-05]    [1.46e-02]    
20000     [1.59e-05]    [1.46e-05]    [1.44e-02]    
21000     [1.52e-05]    [1.40e-05]    [1.41e-02]    
22000     [1.45e-05]    [1.35e-05]    [1.39e-02]    
23000     [1.40e-05]    [1.31e-05]    [1.37e-02]    
24000     [2.83e-05]    [2.88e-05]    [2.41e-02]    
25000     [1.30e-05]    [1.24e-05]    [1.34e-02]    
26000     [1.26e-05]    [1.21e-05]    [1.32e-02]    
27000     [1.31e-05]    [1.21e-05]    [1.42e-02]    
28000     [1.19e-05]    [1.15e-05]    [1.29e-02]    
29000     [1.15e-05]    [1.12e-05]    [1.28e-02]    
30000     [1.12e-05]    [1.10e-05]    [1.26e-02]    

Best model at step 30000:
  train loss: 1.12e-05
  test loss: 1.10e-05
  test metric: [1.26e-02]

'train' took 297.040606 s

2025-07-30 15:21:48,634 INFO: Model and artifacts saved to models/ensembles/deterministic_4/model3
2025-07-30 15:21:48,635 INFO: Training complete.
Saving loss history to models/ensembles/deterministic_4/model3/loss_history.txt ...
