nohup: ignoring input
Using backend: pytorch
Other supported backends: tensorflow.compat.v1, tensorflow, jax, paddle.
paddle supports more examples now and is recommended.
2025-07-30 15:03:20,234 INFO: Base output directory set to: models/ensembles/deterministic_16
2025-07-30 15:03:20,234 INFO: Training ensemble model 1/16 (seed=2346771692)...
Layers for branch: [11, 10, 10]
Layers for trunk: [2, 10, 10]
Compiling model...
'compile' took 0.826439 s

Training model...

Step      Train loss    Test loss     Test metric   
0         [2.78e-01]    [3.46e-01]    [1.16e+00]    
1000      [1.77e-03]    [1.46e-03]    [1.37e-01]    
2000      [7.24e-04]    [7.67e-04]    [8.92e-02]    
3000      [4.45e-04]    [4.90e-04]    [7.12e-02]    
4000      [3.42e-04]    [3.80e-04]    [6.24e-02]    
5000      [3.15e-04]    [3.52e-04]    [6.09e-02]    
6000      [2.55e-04]    [2.79e-04]    [5.58e-02]    
7000      [1.07e-04]    [1.02e-04]    [3.52e-02]    
8000      [6.15e-05]    [5.39e-05]    [2.70e-02]    
9000      [4.89e-05]    [4.21e-05]    [2.39e-02]    
10000     [3.75e-05]    [3.11e-05]    [2.07e-02]    
11000     [2.80e-05]    [2.28e-05]    [1.76e-02]    
12000     [2.46e-05]    [2.03e-05]    [1.77e-02]    
13000     [2.02e-05]    [1.63e-05]    [1.50e-02]    
14000     [1.88e-05]    [1.50e-05]    [1.53e-02]    
15000     [1.88e-05]    [1.54e-05]    [1.65e-02]    
16000     [1.51e-05]    [1.19e-05]    [1.30e-02]    
17000     [1.42e-05]    [1.12e-05]    [1.26e-02]    
18000     [1.35e-05]    [1.07e-05]    [1.23e-02]    
19000     [1.29e-05]    [1.03e-05]    [1.20e-02]    
20000     [1.24e-05]    [9.91e-06]    [1.18e-02]    
21000     [1.20e-05]    [9.57e-06]    [1.16e-02]    
22000     [2.76e-05]    [2.63e-05]    [2.42e-02]    
23000     [1.36e-05]    [1.14e-05]    [1.43e-02]    
24000     [1.14e-05]    [9.14e-06]    [1.17e-02]    
25000     [1.07e-05]    [8.42e-06]    [1.09e-02]    
26000     [1.04e-05]    [8.16e-06]    [1.08e-02]    
27000     [1.01e-05]    [7.89e-06]    [1.06e-02]    
28000     [1.16e-05]    [9.66e-06]    [1.32e-02]    
29000     [9.59e-06]    [7.38e-06]    [1.03e-02]    
30000     [9.64e-06]    [7.63e-06]    [1.08e-02]    

Best model at step 29000:
  train loss: 9.59e-06
  test loss: 7.38e-06
  test metric: [1.03e-02]

'train' took 289.248460 s

2025-07-30 15:08:10,342 INFO: Model and artifacts saved to models/ensembles/deterministic_16/model0
2025-07-30 15:08:10,342 INFO: Training ensemble model 2/16 (seed=3570383114)...
Saving loss history to models/ensembles/deterministic_16/model0/loss_history.txt ...
Layers for branch: [11, 10, 10]
Layers for trunk: [2, 10, 10]
Compiling model...
'compile' took 0.000222 s

Training model...

Step      Train loss    Test loss     Test metric   
0         [2.58e-01]    [3.14e-01]    [1.03e+00]    
1000      [1.79e-03]    [1.43e-03]    [1.32e-01]    
2000      [6.41e-04]    [7.14e-04]    [8.22e-02]    
3000      [4.98e-04]    [5.46e-04]    [7.34e-02]    
4000      [3.92e-04]    [4.36e-04]    [6.58e-02]    
5000      [3.07e-04]    [3.43e-04]    [5.81e-02]    
6000      [1.79e-04]    [1.83e-04]    [4.31e-02]    
7000      [8.39e-05]    [7.46e-05]    [2.88e-02]    
8000      [6.87e-05]    [6.02e-05]    [2.76e-02]    
9000      [5.76e-05]    [4.83e-05]    [2.55e-02]    
10000     [5.02e-05]    [4.06e-05]    [2.36e-02]    
11000     [4.57e-05]    [3.70e-05]    [2.29e-02]    
12000     [3.85e-05]    [3.18e-05]    [2.07e-02]    
13000     [2.99e-05]    [2.71e-05]    [1.82e-02]    
14000     [2.23e-05]    [2.28e-05]    [1.56e-02]    
15000     [1.87e-05]    [1.94e-05]    [1.43e-02]    
16000     [1.69e-05]    [1.67e-05]    [1.36e-02]    
17000     [1.55e-05]    [1.55e-05]    [1.30e-02]    
18000     [2.57e-05]    [3.04e-05]    [2.26e-02]    
19000     [1.35e-05]    [1.34e-05]    [1.21e-02]    
20000     [1.26e-05]    [1.25e-05]    [1.16e-02]    
21000     [1.17e-05]    [1.16e-05]    [1.13e-02]    
22000     [1.09e-05]    [1.12e-05]    [1.07e-02]    
23000     [1.02e-05]    [1.04e-05]    [1.03e-02]    
24000     [1.11e-05]    [1.28e-05]    [1.19e-02]    
25000     [9.46e-06]    [9.53e-06]    [9.95e-03]    
26000     [9.19e-06]    [9.31e-06]    [9.85e-03]    
27000     [8.95e-06]    [9.08e-06]    [9.77e-03]    
28000     [1.11e-05]    [9.74e-06]    [1.26e-02]    
29000     [9.79e-06]    [8.90e-06]    [1.13e-02]    
30000     [8.39e-06]    [8.72e-06]    [9.58e-03]    

Best model at step 30000:
  train loss: 8.39e-06
  test loss: 8.72e-06
  test metric: [9.58e-03]

'train' took 291.768173 s

2025-07-30 15:13:02,125 INFO: Model and artifacts saved to models/ensembles/deterministic_16/model1
2025-07-30 15:13:02,126 INFO: Training ensemble model 3/16 (seed=1019570680)...
Saving loss history to models/ensembles/deterministic_16/model1/loss_history.txt ...
Layers for branch: [11, 10, 10]
Layers for trunk: [2, 10, 10]
Compiling model...
'compile' took 0.000210 s

Training model...

Step      Train loss    Test loss     Test metric   
0         [2.58e-01]    [3.10e-01]    [1.06e+00]    
1000      [2.21e-03]    [1.70e-03]    [1.48e-01]    
2000      [5.92e-04]    [6.03e-04]    [7.95e-02]    
3000      [4.95e-04]    [5.06e-04]    [7.14e-02]    
4000      [4.19e-04]    [4.39e-04]    [6.65e-02]    
5000      [2.97e-04]    [3.10e-04]    [5.63e-02]    
6000      [9.98e-05]    [8.76e-05]    [3.20e-02]    
7000      [6.44e-05]    [5.38e-05]    [2.64e-02]    
8000      [5.66e-05]    [4.74e-05]    [2.50e-02]    
9000      [5.07e-05]    [4.28e-05]    [2.36e-02]    
10000     [4.60e-05]    [3.92e-05]    [2.23e-02]    
11000     [4.19e-05]    [3.62e-05]    [2.11e-02]    
12000     [3.88e-05]    [3.37e-05]    [2.02e-02]    
13000     [3.61e-05]    [3.12e-05]    [1.96e-02]    
14000     [3.32e-05]    [2.84e-05]    [1.89e-02]    
15000     [3.01e-05]    [2.59e-05]    [1.84e-02]    
16000     [2.63e-05]    [2.26e-05]    [1.69e-02]    
17000     [2.25e-05]    [2.00e-05]    [1.59e-02]    
18000     [1.93e-05]    [1.77e-05]    [1.49e-02]    
19000     [1.69e-05]    [1.62e-05]    [1.41e-02]    
20000     [1.54e-05]    [1.51e-05]    [1.35e-02]    
21000     [1.44e-05]    [1.44e-05]    [1.30e-02]    
22000     [1.37e-05]    [1.39e-05]    [1.28e-02]    
23000     [1.33e-05]    [1.34e-05]    [1.25e-02]    
24000     [2.04e-05]    [2.20e-05]    [1.99e-02]    
25000     [1.24e-05]    [1.26e-05]    [1.22e-02]    
26000     [1.21e-05]    [1.22e-05]    [1.21e-02]    
27000     [1.19e-05]    [1.19e-05]    [1.20e-02]    
28000     [1.16e-05]    [1.16e-05]    [1.19e-02]    
29000     [1.14e-05]    [1.13e-05]    [1.18e-02]    
30000     [1.12e-05]    [1.10e-05]    [1.16e-02]    

Best model at step 30000:
  train loss: 1.12e-05
  test loss: 1.10e-05
  test metric: [1.16e-02]

'train' took 292.025429 s

2025-07-30 15:17:54,162 INFO: Model and artifacts saved to models/ensembles/deterministic_16/model2
2025-07-30 15:17:54,162 INFO: Training ensemble model 4/16 (seed=3439827428)...
Saving loss history to models/ensembles/deterministic_16/model2/loss_history.txt ...
Layers for branch: [11, 10, 10]
Layers for trunk: [2, 10, 10]
Compiling model...
'compile' took 0.000082 s

Training model...

Step      Train loss    Test loss     Test metric   
0         [2.97e-01]    [3.69e-01]    [1.16e+00]    
1000      [1.89e-03]    [1.44e-03]    [1.38e-01]    
2000      [7.50e-04]    [7.29e-04]    [8.96e-02]    
3000      [5.84e-04]    [5.80e-04]    [7.84e-02]    
4000      [4.63e-04]    [4.90e-04]    [6.97e-02]    
5000      [3.40e-04]    [3.89e-04]    [6.26e-02]    
6000      [3.16e-04]    [3.63e-04]    [6.16e-02]    
7000      [2.92e-04]    [3.34e-04]    [5.93e-02]    
8000      [2.51e-04]    [2.82e-04]    [5.89e-02]    
9000      [6.58e-05]    [5.90e-05]    [2.58e-02]    
10000     [4.87e-05]    [4.30e-05]    [2.23e-02]    
11000     [3.66e-05]    [3.26e-05]    [1.91e-02]    
12000     [3.00e-05]    [2.82e-05]    [1.81e-02]    
13000     [2.50e-05]    [2.47e-05]    [1.67e-02]    
14000     [2.23e-05]    [2.25e-05]    [1.61e-02]    
15000     [2.12e-05]    [2.15e-05]    [1.60e-02]    
16000     [1.97e-05]    [2.02e-05]    [1.55e-02]    
17000     [2.20e-05]    [2.32e-05]    [1.87e-02]    
18000     [1.81e-05]    [1.87e-05]    [1.51e-02]    
19000     [1.88e-05]    [1.90e-05]    [1.60e-02]    
20000     [1.74e-05]    [1.78e-05]    [1.51e-02]    
21000     [1.62e-05]    [1.68e-05]    [1.45e-02]    
22000     [1.57e-05]    [1.63e-05]    [1.43e-02]    
23000     [1.57e-05]    [1.63e-05]    [1.44e-02]    
24000     [1.47e-05]    [1.55e-05]    [1.39e-02]    
25000     [1.43e-05]    [1.52e-05]    [1.38e-02]    
26000     [1.39e-05]    [1.49e-05]    [1.36e-02]    
27000     [1.57e-05]    [1.68e-05]    [1.54e-02]    
28000     [1.35e-05]    [1.45e-05]    [1.34e-02]    
29000     [1.30e-05]    [1.40e-05]    [1.33e-02]    
30000     [1.28e-05]    [1.37e-05]    [1.33e-02]    

Best model at step 30000:
  train loss: 1.28e-05
  test loss: 1.37e-05
  test metric: [1.33e-02]

'train' took 292.732334 s

2025-07-30 15:22:46,903 INFO: Model and artifacts saved to models/ensembles/deterministic_16/model3
2025-07-30 15:22:46,903 INFO: Training ensemble model 5/16 (seed=2604548818)...
Saving loss history to models/ensembles/deterministic_16/model3/loss_history.txt ...
Layers for branch: [11, 10, 10]
Layers for trunk: [2, 10, 10]
Compiling model...
'compile' took 0.000081 s

Training model...

Step      Train loss    Test loss     Test metric   
0         [2.70e-01]    [3.31e-01]    [1.11e+00]    
1000      [1.97e-03]    [1.62e-03]    [1.39e-01]    
2000      [6.36e-04]    [7.14e-04]    [8.07e-02]    
3000      [4.95e-04]    [5.49e-04]    [7.30e-02]    
4000      [3.85e-04]    [4.27e-04]    [6.48e-02]    
5000      [2.97e-04]    [3.20e-04]    [5.71e-02]    
6000      [1.82e-04]    [1.72e-04]    [4.36e-02]    
7000      [8.48e-05]    [7.18e-05]    [2.92e-02]    
8000      [6.21e-05]    [5.32e-05]    [2.58e-02]    
9000      [5.82e-05]    [5.06e-05]    [2.73e-02]    
10000     [4.97e-05]    [4.31e-05]    [2.31e-02]    
11000     [4.75e-05]    [4.12e-05]    [2.23e-02]    
12000     [4.61e-05]    [3.99e-05]    [2.20e-02]    
13000     [4.51e-05]    [3.85e-05]    [2.17e-02]    
14000     [4.41e-05]    [3.71e-05]    [2.14e-02]    
15000     [4.32e-05]    [3.57e-05]    [2.11e-02]    
16000     [4.25e-05]    [3.44e-05]    [2.09e-02]    
17000     [4.18e-05]    [3.33e-05]    [2.07e-02]    
18000     [4.34e-05]    [3.44e-05]    [2.23e-02]    
19000     [4.07e-05]    [3.16e-05]    [2.03e-02]    
20000     [4.49e-05]    [3.50e-05]    [2.37e-02]    
21000     [3.97e-05]    [3.03e-05]    [2.01e-02]    
22000     [3.90e-05]    [2.95e-05]    [1.98e-02]    
23000     [3.83e-05]    [2.88e-05]    [1.96e-02]    
24000     [3.75e-05]    [2.80e-05]    [1.94e-02]    
25000     [3.76e-05]    [2.84e-05]    [2.00e-02]    
26000     [3.54e-05]    [2.63e-05]    [1.88e-02]    
27000     [3.40e-05]    [2.54e-05]    [1.84e-02]    
28000     [3.26e-05]    [2.46e-05]    [1.80e-02]    
29000     [3.10e-05]    [2.38e-05]    [1.75e-02]    
30000     [2.94e-05]    [2.29e-05]    [1.71e-02]    

Best model at step 30000:
  train loss: 2.94e-05
  test loss: 2.29e-05
  test metric: [1.71e-02]

'train' took 289.828893 s

2025-07-30 15:27:36,738 INFO: Model and artifacts saved to models/ensembles/deterministic_16/model4
2025-07-30 15:27:36,738 INFO: Training ensemble model 6/16 (seed=1942508864)...
Saving loss history to models/ensembles/deterministic_16/model4/loss_history.txt ...
Layers for branch: [11, 10, 10]
Layers for trunk: [2, 10, 10]
Compiling model...
'compile' took 0.000078 s

Training model...

Step      Train loss    Test loss     Test metric   
0         [2.68e-01]    [3.16e-01]    [9.94e-01]    
1000      [4.00e-03]    [2.97e-03]    [2.04e-01]    
2000      [6.37e-04]    [6.27e-04]    [8.24e-02]    
3000      [4.41e-04]    [4.67e-04]    [6.97e-02]    
4000      [3.17e-04]    [3.43e-04]    [6.01e-02]    
5000      [2.18e-04]    [2.26e-04]    [5.01e-02]    
6000      [1.35e-04]    [1.23e-04]    [3.87e-02]    
7000      [8.13e-05]    [6.80e-05]    [3.05e-02]    
8000      [6.20e-05]    [5.00e-05]    [2.71e-02]    
9000      [5.36e-05]    [4.20e-05]    [2.51e-02]    
10000     [4.79e-05]    [3.72e-05]    [2.35e-02]    
11000     [4.28e-05]    [3.32e-05]    [2.22e-02]    
12000     [3.67e-05]    [2.83e-05]    [2.04e-02]    
13000     [2.85e-05]    [2.19e-05]    [1.84e-02]    
14000     [2.10e-05]    [1.71e-05]    [1.58e-02]    
15000     [1.74e-05]    [1.51e-05]    [1.43e-02]    
16000     [1.53e-05]    [1.41e-05]    [1.35e-02]    
17000     [1.40e-05]    [1.33e-05]    [1.28e-02]    
18000     [1.29e-05]    [1.26e-05]    [1.22e-02]    
19000     [1.21e-05]    [1.21e-05]    [1.18e-02]    
20000     [1.14e-05]    [1.16e-05]    [1.15e-02]    
21000     [1.09e-05]    [1.12e-05]    [1.13e-02]    
22000     [1.05e-05]    [1.09e-05]    [1.11e-02]    
23000     [1.01e-05]    [1.07e-05]    [1.09e-02]    
24000     [9.82e-06]    [1.04e-05]    [1.07e-02]    
25000     [9.58e-06]    [1.03e-05]    [1.05e-02]    
26000     [9.63e-06]    [1.05e-05]    [1.03e-02]    
27000     [9.13e-06]    [9.97e-06]    [1.05e-02]    
28000     [8.97e-06]    [9.87e-06]    [1.04e-02]    
29000     [8.82e-06]    [9.78e-06]    [1.04e-02]    
30000     [8.70e-06]    [9.72e-06]    [1.03e-02]    

Best model at step 30000:
  train loss: 8.70e-06
  test loss: 9.72e-06
  test metric: [1.03e-02]

'train' took 286.241813 s

2025-07-30 15:32:22,986 INFO: Model and artifacts saved to models/ensembles/deterministic_16/model5
2025-07-30 15:32:22,986 INFO: Training ensemble model 7/16 (seed=2490650139)...
Saving loss history to models/ensembles/deterministic_16/model5/loss_history.txt ...
Layers for branch: [11, 10, 10]
Layers for trunk: [2, 10, 10]
Compiling model...
'compile' took 0.000080 s

Training model...

Step      Train loss    Test loss     Test metric   
0         [2.79e-01]    [3.47e-01]    [1.23e+00]    
1000      [2.89e-03]    [2.23e-03]    [1.71e-01]    
2000      [6.89e-04]    [6.87e-04]    [8.73e-02]    
3000      [5.87e-04]    [6.01e-04]    [7.93e-02]    
4000      [5.16e-04]    [5.37e-04]    [7.39e-02]    
5000      [4.19e-04]    [4.45e-04]    [6.70e-02]    
6000      [2.58e-04]    [2.78e-04]    [5.37e-02]    
7000      [1.22e-04]    [1.17e-04]    [3.79e-02]    
8000      [7.07e-05]    [5.70e-05]    [2.84e-02]    
9000      [6.09e-05]    [4.76e-05]    [2.65e-02]    
10000     [5.21e-05]    [4.03e-05]    [2.45e-02]    
11000     [4.21e-05]    [3.19e-05]    [2.16e-02]    
12000     [3.26e-05]    [2.53e-05]    [1.93e-02]    
13000     [2.41e-05]    [2.03e-05]    [1.80e-02]    
14000     [1.65e-05]    [1.31e-05]    [1.31e-02]    
15000     [1.46e-05]    [1.21e-05]    [1.26e-02]    
16000     [1.84e-05]    [1.41e-05]    [1.57e-02]    
17000     [1.42e-05]    [1.27e-05]    [1.35e-02]    
18000     [1.31e-05]    [1.07e-05]    [1.22e-02]    
19000     [1.29e-05]    [1.04e-05]    [1.21e-02]    
20000     [1.27e-05]    [1.02e-05]    [1.21e-02]    
21000     [1.26e-05]    [9.99e-06]    [1.20e-02]    
22000     [1.24e-05]    [9.81e-06]    [1.19e-02]    
23000     [1.23e-05]    [9.66e-06]    [1.19e-02]    
24000     [1.22e-05]    [9.51e-06]    [1.18e-02]    
25000     [1.21e-05]    [9.42e-06]    [1.17e-02]    
26000     [1.31e-05]    [9.74e-06]    [1.26e-02]    
27000     [1.19e-05]    [9.27e-06]    [1.17e-02]    
28000     [1.18e-05]    [9.20e-06]    [1.16e-02]    
29000     [1.17e-05]    [9.05e-06]    [1.15e-02]    
30000     [1.16e-05]    [9.02e-06]    [1.15e-02]    

Best model at step 30000:
  train loss: 1.16e-05
  test loss: 9.02e-06
  test metric: [1.15e-02]

'train' took 291.031263 s

2025-07-30 15:37:14,023 INFO: Model and artifacts saved to models/ensembles/deterministic_16/model6
2025-07-30 15:37:14,023 INFO: Training ensemble model 8/16 (seed=2506459186)...
Saving loss history to models/ensembles/deterministic_16/model6/loss_history.txt ...
Layers for branch: [11, 10, 10]
Layers for trunk: [2, 10, 10]
Compiling model...
'compile' took 0.000078 s

Training model...

Step      Train loss    Test loss     Test metric   
0         [2.64e-01]    [3.00e-01]    [1.00e+00]    
1000      [3.14e-03]    [2.37e-03]    [1.73e-01]    
2000      [7.93e-04]    [8.41e-04]    [8.94e-02]    
3000      [5.29e-04]    [5.50e-04]    [7.37e-02]    
4000      [3.35e-04]    [3.33e-04]    [5.98e-02]    
5000      [1.88e-04]    [1.74e-04]    [4.46e-02]    
6000      [7.81e-05]    [6.69e-05]    [2.97e-02]    
7000      [5.49e-05]    [4.55e-05]    [2.52e-02]    
8000      [4.48e-05]    [3.63e-05]    [2.23e-02]    
9000      [3.73e-05]    [2.95e-05]    [2.00e-02]    
10000     [3.19e-05]    [2.45e-05]    [1.84e-02]    
11000     [2.80e-05]    [2.13e-05]    [1.73e-02]    
12000     [2.52e-05]    [1.92e-05]    [1.65e-02]    
13000     [2.30e-05]    [1.77e-05]    [1.59e-02]    
14000     [2.13e-05]    [1.66e-05]    [1.54e-02]    
15000     [1.99e-05]    [1.56e-05]    [1.50e-02]    
16000     [1.87e-05]    [1.48e-05]    [1.46e-02]    
17000     [1.78e-05]    [1.40e-05]    [1.42e-02]    
18000     [1.69e-05]    [1.34e-05]    [1.38e-02]    
19000     [1.62e-05]    [1.28e-05]    [1.35e-02]    
20000     [1.55e-05]    [1.22e-05]    [1.31e-02]    
21000     [1.48e-05]    [1.17e-05]    [1.28e-02]    
22000     [1.42e-05]    [1.12e-05]    [1.25e-02]    
23000     [1.43e-05]    [1.13e-05]    [1.30e-02]    
24000     [1.32e-05]    [1.03e-05]    [1.21e-02]    
25000     [1.28e-05]    [1.01e-05]    [1.20e-02]    
26000     [1.25e-05]    [9.87e-06]    [1.19e-02]    
27000     [1.23e-05]    [9.70e-06]    [1.18e-02]    
28000     [1.21e-05]    [9.56e-06]    [1.18e-02]    
29000     [1.19e-05]    [9.43e-06]    [1.17e-02]    
30000     [1.17e-05]    [9.32e-06]    [1.17e-02]    

Best model at step 30000:
  train loss: 1.17e-05
  test loss: 9.32e-06
  test metric: [1.17e-02]

'train' took 288.771701 s

2025-07-30 15:42:02,803 INFO: Model and artifacts saved to models/ensembles/deterministic_16/model7
2025-07-30 15:42:02,803 INFO: Training ensemble model 9/16 (seed=1244187780)...
Saving loss history to models/ensembles/deterministic_16/model7/loss_history.txt ...
Layers for branch: [11, 10, 10]
Layers for trunk: [2, 10, 10]
Compiling model...
'compile' took 0.000073 s

Training model...

Step      Train loss    Test loss     Test metric   
0         [2.75e-01]    [3.40e-01]    [1.12e+00]    
1000      [3.78e-03]    [2.66e-03]    [1.97e-01]    
2000      [8.64e-04]    [8.29e-04]    [9.65e-02]    
3000      [5.52e-04]    [5.56e-04]    [7.74e-02]    
4000      [4.40e-04]    [4.55e-04]    [6.84e-02]    
5000      [3.07e-04]    [3.19e-04]    [5.73e-02]    
6000      [1.65e-04]    [1.55e-04]    [4.12e-02]    
7000      [7.24e-05]    [5.74e-05]    [2.72e-02]    
8000      [5.21e-05]    [4.08e-05]    [2.42e-02]    
9000      [4.60e-05]    [3.70e-05]    [2.31e-02]    
10000     [3.87e-05]    [3.25e-05]    [2.14e-02]    
11000     [2.82e-05]    [2.47e-05]    [1.83e-02]    
12000     [2.08e-05]    [1.78e-05]    [1.55e-02]    
13000     [1.51e-05]    [1.24e-05]    [1.32e-02]    
14000     [1.20e-05]    [9.88e-06]    [1.21e-02]    
15000     [1.07e-05]    [9.70e-06]    [1.15e-02]    
16000     [9.90e-06]    [8.80e-06]    [1.11e-02]    
17000     [9.23e-06]    [8.41e-06]    [1.07e-02]    
18000     [8.77e-06]    [8.10e-06]    [1.05e-02]    
19000     [8.40e-06]    [7.85e-06]    [1.03e-02]    
20000     [7.99e-06]    [7.65e-06]    [9.99e-03]    
21000     [7.64e-06]    [7.39e-06]    [9.77e-03]    
22000     [7.33e-06]    [7.18e-06]    [9.56e-03]    
23000     [7.06e-06]    [7.11e-06]    [9.36e-03]    
24000     [7.16e-06]    [7.46e-06]    [9.76e-03]    
25000     [6.58e-06]    [6.75e-06]    [9.01e-03]    
26000     [6.40e-06]    [6.65e-06]    [8.89e-03]    
27000     [6.28e-06]    [6.39e-06]    [8.90e-03]    
28000     [6.05e-06]    [6.35e-06]    [8.59e-03]    
29000     [5.92e-06]    [6.24e-06]    [8.49e-03]    
30000     [5.80e-06]    [6.18e-06]    [8.38e-03]    

Best model at step 30000:
  train loss: 5.80e-06
  test loss: 6.18e-06
  test metric: [8.38e-03]

'train' took 274.254583 s

2025-07-30 15:46:37,063 INFO: Model and artifacts saved to models/ensembles/deterministic_16/model8
2025-07-30 15:46:37,063 INFO: Training ensemble model 10/16 (seed=3747993593)...
Saving loss history to models/ensembles/deterministic_16/model8/loss_history.txt ...
Layers for branch: [11, 10, 10]
Layers for trunk: [2, 10, 10]
Compiling model...
'compile' took 0.000092 s

Training model...

Step      Train loss    Test loss     Test metric   
0         [2.78e-01]    [3.06e-01]    [1.12e+00]    
1000      [2.29e-03]    [1.75e-03]    [1.47e-01]    
2000      [6.91e-04]    [7.30e-04]    [8.58e-02]    
3000      [5.20e-04]    [5.08e-04]    [7.31e-02]    
4000      [3.60e-04]    [3.46e-04]    [6.09e-02]    
5000      [1.78e-04]    [1.69e-04]    [4.33e-02]    
6000      [9.36e-05]    [7.57e-05]    [3.24e-02]    
7000      [6.74e-05]    [5.22e-05]    [2.94e-02]    
8000      [4.95e-05]    [3.86e-05]    [2.44e-02]    
9000      [3.83e-05]    [3.11e-05]    [2.15e-02]    
10000     [2.94e-05]    [2.50e-05]    [1.89e-02]    
11000     [2.31e-05]    [2.08e-05]    [1.68e-02]    
12000     [1.87e-05]    [1.76e-05]    [1.48e-02]    
13000     [1.67e-05]    [1.63e-05]    [1.43e-02]    
14000     [1.37e-05]    [1.39e-05]    [1.23e-02]    
15000     [1.22e-05]    [1.26e-05]    [1.15e-02]    
16000     [1.65e-05]    [1.73e-05]    [1.66e-02]    
17000     [9.98e-06]    [1.06e-05]    [1.06e-02]    
18000     [9.19e-06]    [9.84e-06]    [1.02e-02]    
19000     [8.62e-06]    [9.27e-06]    [9.93e-03]    
20000     [8.17e-06]    [8.79e-06]    [9.68e-03]    
21000     [8.55e-06]    [9.05e-06]    [1.07e-02]    
22000     [1.34e-05]    [1.37e-05]    [1.60e-02]    
23000     [7.42e-06]    [7.83e-06]    [9.33e-03]    
24000     [7.25e-06]    [7.57e-06]    [9.24e-03]    
25000     [7.22e-06]    [7.50e-06]    [9.44e-03]    
26000     [7.10e-06]    [7.27e-06]    [9.36e-03]    
27000     [7.76e-06]    [7.66e-06]    [1.05e-02]    
28000     [6.74e-06]    [6.74e-06]    [8.94e-03]    
29000     [6.63e-06]    [6.55e-06]    [8.86e-03]    
30000     [6.54e-06]    [6.39e-06]    [8.80e-03]    

Best model at step 30000:
  train loss: 6.54e-06
  test loss: 6.39e-06
  test metric: [8.80e-03]

'train' took 274.231319 s

2025-07-30 15:51:11,303 INFO: Model and artifacts saved to models/ensembles/deterministic_16/model9
2025-07-30 15:51:11,303 INFO: Training ensemble model 11/16 (seed=4095549922)...
Saving loss history to models/ensembles/deterministic_16/model9/loss_history.txt ...
Layers for branch: [11, 10, 10]
Layers for trunk: [2, 10, 10]
Compiling model...
'compile' took 0.000072 s

Training model...

Step      Train loss    Test loss     Test metric   
0         [2.81e-01]    [3.17e-01]    [1.11e+00]    
1000      [3.01e-03]    [2.29e-03]    [1.78e-01]    
2000      [6.53e-04]    [7.14e-04]    [8.30e-02]    
3000      [4.63e-04]    [4.89e-04]    [7.07e-02]    
4000      [3.69e-04]    [3.98e-04]    [6.26e-02]    
5000      [2.51e-04]    [2.66e-04]    [5.20e-02]    
6000      [8.55e-05]    [7.44e-05]    [2.90e-02]    
7000      [6.88e-05]    [6.31e-05]    [3.09e-02]    
8000      [4.90e-05]    [4.19e-05]    [2.35e-02]    
9000      [4.44e-05]    [3.82e-05]    [2.25e-02]    
10000     [4.11e-05]    [3.59e-05]    [2.18e-02]    
11000     [4.92e-05]    [4.87e-05]    [2.78e-02]    
12000     [3.58e-05]    [3.24e-05]    [2.06e-02]    
13000     [3.31e-05]    [3.07e-05]    [2.00e-02]    
14000     [3.02e-05]    [2.88e-05]    [1.92e-02]    
15000     [2.94e-05]    [2.71e-05]    [2.08e-02]    
16000     [2.44e-05]    [2.37e-05]    [1.89e-02]    
17000     [1.93e-05]    [2.18e-05]    [1.62e-02]    
18000     [1.71e-05]    [1.93e-05]    [1.63e-02]    
19000     [1.46e-05]    [1.85e-05]    [1.45e-02]    
20000     [1.39e-05]    [1.85e-05]    [1.41e-02]    
21000     [1.31e-05]    [1.68e-05]    [1.37e-02]    
22000     [1.27e-05]    [1.62e-05]    [1.34e-02]    
23000     [1.48e-05]    [2.00e-05]    [1.56e-02]    
24000     [1.20e-05]    [1.51e-05]    [1.30e-02]    
25000     [1.17e-05]    [1.46e-05]    [1.29e-02]    
26000     [1.14e-05]    [1.43e-05]    [1.26e-02]    
27000     [1.11e-05]    [1.39e-05]    [1.24e-02]    
28000     [1.09e-05]    [1.34e-05]    [1.24e-02]    
29000     [2.61e-05]    [2.59e-05]    [2.42e-02]    
30000     [1.05e-05]    [1.29e-05]    [1.20e-02]    

Best model at step 30000:
  train loss: 1.05e-05
  test loss: 1.29e-05
  test metric: [1.20e-02]

'train' took 274.206484 s

2025-07-30 15:55:45,518 INFO: Model and artifacts saved to models/ensembles/deterministic_16/model10
2025-07-30 15:55:45,518 INFO: Training ensemble model 12/16 (seed=2033845368)...
Saving loss history to models/ensembles/deterministic_16/model10/loss_history.txt ...
Layers for branch: [11, 10, 10]
Layers for trunk: [2, 10, 10]
Compiling model...
'compile' took 0.000068 s

Training model...

Step      Train loss    Test loss     Test metric   
0         [2.62e-01]    [3.00e-01]    [9.84e-01]    
1000      [2.30e-03]    [1.74e-03]    [1.49e-01]    
2000      [6.92e-04]    [7.36e-04]    [8.67e-02]    
3000      [5.04e-04]    [5.24e-04]    [7.31e-02]    
4000      [3.16e-04]    [3.07e-04]    [5.71e-02]    
5000      [1.78e-04]    [1.62e-04]    [4.34e-02]    
6000      [8.18e-05]    [7.11e-05]    [3.12e-02]    
7000      [6.40e-05]    [5.59e-05]    [3.08e-02]    
8000      [4.58e-05]    [3.92e-05]    [2.33e-02]    
9000      [3.73e-05]    [3.17e-05]    [2.09e-02]    
10000     [2.99e-05]    [2.53e-05]    [1.87e-02]    
11000     [2.35e-05]    [2.11e-05]    [1.67e-02]    
12000     [1.93e-05]    [1.86e-05]    [1.53e-02]    
13000     [1.76e-05]    [1.80e-05]    [1.59e-02]    
14000     [1.72e-05]    [1.75e-05]    [1.55e-02]    
15000     [1.39e-05]    [1.48e-05]    [1.37e-02]    
16000     [1.30e-05]    [1.38e-05]    [1.29e-02]    
17000     [1.26e-05]    [1.32e-05]    [1.27e-02]    
18000     [1.25e-05]    [1.31e-05]    [1.27e-02]    
19000     [1.18e-05]    [1.24e-05]    [1.24e-02]    
20000     [1.16e-05]    [1.21e-05]    [1.22e-02]    
21000     [1.13e-05]    [1.18e-05]    [1.21e-02]    
22000     [1.11e-05]    [1.15e-05]    [1.19e-02]    
23000     [1.10e-05]    [1.13e-05]    [1.18e-02]    
24000     [1.07e-05]    [1.12e-05]    [1.18e-02]    
25000     [1.05e-05]    [1.08e-05]    [1.16e-02]    
26000     [1.04e-05]    [1.07e-05]    [1.16e-02]    
27000     [1.02e-05]    [1.04e-05]    [1.14e-02]    
28000     [1.00e-05]    [1.02e-05]    [1.13e-02]    
29000     [1.12e-05]    [1.12e-05]    [1.27e-02]    
30000     [9.74e-06]    [9.82e-06]    [1.11e-02]    

Best model at step 30000:
  train loss: 9.74e-06
  test loss: 9.82e-06
  test metric: [1.11e-02]

'train' took 274.186484 s

2025-07-30 16:00:19,713 INFO: Model and artifacts saved to models/ensembles/deterministic_16/model11
2025-07-30 16:00:19,713 INFO: Training ensemble model 13/16 (seed=2213634515)...
Saving loss history to models/ensembles/deterministic_16/model11/loss_history.txt ...
Layers for branch: [11, 10, 10]
Layers for trunk: [2, 10, 10]
Compiling model...
'compile' took 0.000075 s

Training model...

Step      Train loss    Test loss     Test metric   
0         [2.92e-01]    [3.17e-01]    [1.19e+00]    
1000      [1.85e-03]    [1.45e-03]    [1.34e-01]    
2000      [6.79e-04]    [7.38e-04]    [8.56e-02]    
3000      [5.13e-04]    [5.61e-04]    [7.37e-02]    
4000      [3.49e-04]    [3.78e-04]    [6.07e-02]    
5000      [1.36e-04]    [1.32e-04]    [3.71e-02]    
6000      [7.65e-05]    [6.90e-05]    [2.86e-02]    
7000      [6.41e-05]    [5.77e-05]    [2.68e-02]    
8000      [5.60e-05]    [4.84e-05]    [2.53e-02]    
9000      [5.01e-05]    [4.18e-05]    [2.44e-02]    
10000     [4.48e-05]    [3.54e-05]    [2.33e-02]    
11000     [3.84e-05]    [3.00e-05]    [2.12e-02]    
12000     [3.06e-05]    [2.40e-05]    [1.90e-02]    
13000     [2.20e-05]    [1.80e-05]    [1.65e-02]    
14000     [1.77e-05]    [1.51e-05]    [1.51e-02]    
15000     [1.57e-05]    [1.37e-05]    [1.47e-02]    
16000     [1.44e-05]    [1.23e-05]    [1.40e-02]    
17000     [1.32e-05]    [1.17e-05]    [1.33e-02]    
18000     [1.25e-05]    [1.13e-05]    [1.30e-02]    
19000     [1.20e-05]    [1.11e-05]    [1.28e-02]    
20000     [1.16e-05]    [1.08e-05]    [1.25e-02]    
21000     [1.11e-05]    [1.07e-05]    [1.23e-02]    
22000     [1.08e-05]    [1.05e-05]    [1.21e-02]    
23000     [1.08e-05]    [1.07e-05]    [1.23e-02]    
24000     [1.04e-05]    [1.02e-05]    [1.17e-02]    
25000     [9.99e-06]    [1.01e-05]    [1.18e-02]    
26000     [9.59e-06]    [9.84e-06]    [1.13e-02]    
27000     [9.35e-06]    [9.70e-06]    [1.11e-02]    
28000     [9.13e-06]    [9.54e-06]    [1.10e-02]    
29000     [8.92e-06]    [9.39e-06]    [1.09e-02]    
30000     [8.72e-06]    [9.24e-06]    [1.07e-02]    

Best model at step 30000:
  train loss: 8.72e-06
  test loss: 9.24e-06
  test metric: [1.07e-02]

'train' took 269.317898 s

2025-07-30 16:04:49,040 INFO: Model and artifacts saved to models/ensembles/deterministic_16/model12
2025-07-30 16:04:49,040 INFO: Training ensemble model 14/16 (seed=2908018208)...
Saving loss history to models/ensembles/deterministic_16/model12/loss_history.txt ...
Layers for branch: [11, 10, 10]
Layers for trunk: [2, 10, 10]
Compiling model...
'compile' took 0.000156 s

Training model...

Step      Train loss    Test loss     Test metric   
0         [2.66e-01]    [3.13e-01]    [9.88e-01]    
1000      [1.38e-03]    [1.10e-03]    [1.15e-01]    
2000      [6.11e-04]    [6.25e-04]    [8.13e-02]    
3000      [5.12e-04]    [5.11e-04]    [7.44e-02]    
4000      [4.35e-04]    [4.33e-04]    [6.86e-02]    
5000      [3.31e-04]    [3.31e-04]    [5.99e-02]    
6000      [1.76e-04]    [1.71e-04]    [4.38e-02]    
7000      [8.71e-05]    [7.26e-05]    [3.14e-02]    
8000      [6.86e-05]    [5.47e-05]    [2.84e-02]    
9000      [6.28e-05]    [5.06e-05]    [2.72e-02]    
10000     [5.83e-05]    [4.73e-05]    [2.62e-02]    
11000     [5.41e-05]    [4.41e-05]    [2.50e-02]    
12000     [5.02e-05]    [4.11e-05]    [2.39e-02]    
13000     [4.66e-05]    [3.83e-05]    [2.29e-02]    
14000     [4.31e-05]    [3.55e-05]    [2.19e-02]    
15000     [3.98e-05]    [3.28e-05]    [2.09e-02]    
16000     [3.65e-05]    [3.01e-05]    [1.99e-02]    
17000     [3.34e-05]    [2.75e-05]    [1.90e-02]    
18000     [3.03e-05]    [2.51e-05]    [1.80e-02]    
19000     [2.76e-05]    [2.30e-05]    [1.72e-02]    
20000     [2.48e-05]    [2.09e-05]    [1.64e-02]    
21000     [2.24e-05]    [1.92e-05]    [1.57e-02]    
22000     [2.04e-05]    [1.77e-05]    [1.50e-02]    
23000     [2.61e-05]    [2.46e-05]    [2.06e-02]    
24000     [1.74e-05]    [1.55e-05]    [1.40e-02]    
25000     [1.63e-05]    [1.47e-05]    [1.36e-02]    
26000     [1.55e-05]    [1.40e-05]    [1.33e-02]    
27000     [1.49e-05]    [1.34e-05]    [1.31e-02]    
28000     [1.44e-05]    [1.30e-05]    [1.29e-02]    
29000     [1.40e-05]    [1.26e-05]    [1.27e-02]    
30000     [1.37e-05]    [1.23e-05]    [1.26e-02]    

Best model at step 30000:
  train loss: 1.37e-05
  test loss: 1.23e-05
  test metric: [1.26e-02]

'train' took 268.694012 s

2025-07-30 16:09:17,746 INFO: Model and artifacts saved to models/ensembles/deterministic_16/model13
2025-07-30 16:09:17,746 INFO: Training ensemble model 15/16 (seed=1855233588)...
Saving loss history to models/ensembles/deterministic_16/model13/loss_history.txt ...
Layers for branch: [11, 10, 10]
Layers for trunk: [2, 10, 10]
Compiling model...
'compile' took 0.000071 s

Training model...

Step      Train loss    Test loss     Test metric   
0         [2.75e-01]    [3.36e-01]    [1.06e+00]    
1000      [3.61e-03]    [2.62e-03]    [1.87e-01]    
2000      [8.23e-04]    [8.55e-04]    [8.96e-02]    
3000      [5.54e-04]    [6.08e-04]    [7.64e-02]    
4000      [3.83e-04]    [4.32e-04]    [6.59e-02]    
5000      [3.10e-04]    [3.51e-04]    [5.99e-02]    
6000      [2.39e-04]    [2.66e-04]    [5.32e-02]    
7000      [1.26e-04]    [1.27e-04]    [3.75e-02]    
8000      [7.42e-05]    [6.74e-05]    [2.83e-02]    
9000      [6.31e-05]    [5.67e-05]    [2.61e-02]    
10000     [5.51e-05]    [4.98e-05]    [2.50e-02]    
11000     [4.85e-05]    [4.37e-05]    [2.33e-02]    
12000     [4.31e-05]    [3.89e-05]    [2.20e-02]    
13000     [3.81e-05]    [3.42e-05]    [2.06e-02]    
14000     [3.38e-05]    [3.04e-05]    [1.93e-02]    
15000     [3.05e-05]    [2.75e-05]    [1.84e-02]    
16000     [2.87e-05]    [2.51e-05]    [1.80e-02]    
17000     [2.57e-05]    [2.30e-05]    [1.68e-02]    
18000     [2.38e-05]    [2.08e-05]    [1.60e-02]    
19000     [2.21e-05]    [1.93e-05]    [1.55e-02]    
20000     [2.09e-05]    [1.81e-05]    [1.51e-02]    
21000     [1.99e-05]    [1.73e-05]    [1.48e-02]    
22000     [1.91e-05]    [1.66e-05]    [1.46e-02]    
23000     [1.86e-05]    [1.63e-05]    [1.47e-02]    
24000     [1.83e-05]    [1.63e-05]    [1.51e-02]    
25000     [2.40e-05]    [2.29e-05]    [2.05e-02]    
26000     [1.68e-05]    [1.49e-05]    [1.40e-02]    
27000     [1.63e-05]    [1.45e-05]    [1.39e-02]    
28000     [1.59e-05]    [1.42e-05]    [1.37e-02]    
29000     [1.55e-05]    [1.39e-05]    [1.36e-02]    
30000     [1.58e-05]    [1.47e-05]    [1.47e-02]    

Best model at step 29000:
  train loss: 1.55e-05
  test loss: 1.39e-05
  test metric: [1.36e-02]

'train' took 268.692710 s

2025-07-30 16:13:46,447 INFO: Model and artifacts saved to models/ensembles/deterministic_16/model14
2025-07-30 16:13:46,447 INFO: Training ensemble model 16/16 (seed=1794379332)...
Saving loss history to models/ensembles/deterministic_16/model14/loss_history.txt ...
Layers for branch: [11, 10, 10]
Layers for trunk: [2, 10, 10]
Compiling model...
'compile' took 0.000069 s

Training model...

Step      Train loss    Test loss     Test metric   
0         [2.90e-01]    [3.68e-01]    [1.29e+00]    
1000      [2.76e-03]    [2.12e-03]    [1.66e-01]    
2000      [6.95e-04]    [8.15e-04]    [8.33e-02]    
3000      [4.93e-04]    [6.14e-04]    [7.50e-02]    
4000      [3.84e-04]    [4.65e-04]    [6.78e-02]    
5000      [3.38e-04]    [4.01e-04]    [6.37e-02]    
6000      [2.86e-04]    [3.31e-04]    [5.79e-02]    
7000      [1.58e-04]    [1.59e-04]    [4.00e-02]    
8000      [8.34e-05]    [7.83e-05]    [2.91e-02]    
9000      [5.63e-05]    [5.06e-05]    [2.45e-02]    
10000     [4.86e-05]    [4.26e-05]    [2.30e-02]    
11000     [4.55e-05]    [3.82e-05]    [2.22e-02]    
12000     [4.34e-05]    [3.55e-05]    [2.16e-02]    
13000     [4.24e-05]    [3.52e-05]    [2.22e-02]    
14000     [3.88e-05]    [3.16e-05]    [2.03e-02]    
15000     [3.46e-05]    [2.86e-05]    [1.89e-02]    
16000     [3.00e-05]    [2.58e-05]    [1.73e-02]    
17000     [2.72e-05]    [2.41e-05]    [1.63e-02]    
18000     [2.55e-05]    [2.27e-05]    [1.57e-02]    
19000     [2.42e-05]    [2.16e-05]    [1.53e-02]    
20000     [2.27e-05]    [2.02e-05]    [1.47e-02]    
21000     [2.14e-05]    [1.93e-05]    [1.43e-02]    
22000     [1.98e-05]    [1.81e-05]    [1.37e-02]    
23000     [1.82e-05]    [1.71e-05]    [1.31e-02]    
24000     [1.65e-05]    [1.61e-05]    [1.26e-02]    
25000     [1.46e-05]    [1.53e-05]    [1.19e-02]    
26000     [1.23e-05]    [1.44e-05]    [1.12e-02]    
27000     [9.70e-06]    [1.34e-05]    [1.05e-02]    
28000     [7.71e-06]    [1.22e-05]    [9.47e-03]    
29000     [7.34e-06]    [1.11e-05]    [1.00e-02]    
30000     [6.71e-06]    [1.02e-05]    [9.13e-03]    

Best model at step 30000:
  train loss: 6.71e-06
  test loss: 1.02e-05
  test metric: [9.13e-03]

'train' took 268.847420 s

2025-07-30 16:18:15,303 INFO: Model and artifacts saved to models/ensembles/deterministic_16/model15
2025-07-30 16:18:15,303 INFO: Training complete.
Saving loss history to models/ensembles/deterministic_16/model15/loss_history.txt ...
