nohup: ignoring input
Using backend: pytorch
Other supported backends: tensorflow.compat.v1, tensorflow, jax, paddle.
paddle supports more examples now and is recommended.
2025-07-31 13:26:34,728 INFO: Base output directory set to: models/ensembles/depth3_1
2025-07-31 13:26:34,728 INFO: Training ensemble model 1/4 (seed=2003232633)...
Layers for branch: [11, 10, 10, 10, 10]
Layers for trunk: [2, 10, 10, 10, 10]
Compiling model...
'compile' took 0.820862 s

Training model...

Step      Train loss    Test loss     Test metric   
0         [2.85e-01]    [3.48e-01]    [1.09e+00]    
1000      [9.16e-04]    [1.41e-03]    [9.80e-02]    
2000      [4.69e-04]    [6.71e-04]    [7.57e-02]    
3000      [2.93e-04]    [3.83e-04]    [6.04e-02]    
4000      [1.34e-04]    [1.72e-04]    [4.11e-02]    
5000      [7.46e-05]    [8.61e-05]    [3.05e-02]    
6000      [5.92e-05]    [6.64e-05]    [2.76e-02]    
7000      [5.03e-05]    [5.80e-05]    [2.54e-02]    
8000      [4.24e-05]    [5.21e-05]    [2.31e-02]    
